  Determining projects to restore...
C:\Users\anvar\source\repos\SpriteEditor\SpriteEditor.csproj : warning NU1903: Package 'Magick.NET-Q8-AnyCPU' 14.9.1 has a known high severity vulnerability, https://github.com/advisories/GHSA-6hjr-v6g4-3fm8 [C:\Users\anvar\source\repos\SpriteEditor\SpriteEditor.sln]
C:\Users\anvar\source\repos\SpriteEditor\SpriteEditor.csproj : warning NU1701: Package 'OpenTK 3.3.1' was restored using '.NETFramework,Version=v4.6.1, .NETFramework,Version=v4.6.2, .NETFramework,Version=v4.7, .NETFramework,Version=v4.7.1, .NETFramework,Version=v4.7.2, .NETFramework,Version=v4.8, .NETFramework,Version=v4.8.1' instead of the project target framework 'net8.0-windows7.0'. This package may not be fully compatible with your project. [C:\Users\anvar\source\repos\SpriteEditor\SpriteEditor.sln]
C:\Users\anvar\source\repos\SpriteEditor\SpriteEditor.csproj : warning NU1701: Package 'OpenTK.GLWpfControl 3.3.0' was restored using '.NETFramework,Version=v4.6.1, .NETFramework,Version=v4.6.2, .NETFramework,Version=v4.7, .NETFramework,Version=v4.7.1, .NETFramework,Version=v4.7.2, .NETFramework,Version=v4.8, .NETFramework,Version=v4.8.1' instead of the project target framework 'net8.0-windows7.0'. This package may not be fully compatible with your project. [C:\Users\anvar\source\repos\SpriteEditor\SpriteEditor.sln]
C:\Users\anvar\source\repos\SpriteEditor\SpriteEditor.csproj : warning NU1701: Package 'SkiaSharp.Views.WPF 3.119.1' was restored using '.NETFramework,Version=v4.6.1, .NETFramework,Version=v4.6.2, .NETFramework,Version=v4.7, .NETFramework,Version=v4.7.1, .NETFramework,Version=v4.7.2, .NETFramework,Version=v4.8, .NETFramework,Version=v4.8.1' instead of the project target framework 'net8.0-windows7.0'. This package may not be fully compatible with your project. [C:\Users\anvar\source\repos\SpriteEditor\SpriteEditor.sln]
  All projects are up-to-date for restore.
C:\Users\anvar\source\repos\SpriteEditor\SpriteEditor.csproj : warning NU1903: Package 'Magick.NET-Q8-AnyCPU' 14.9.1 has a known high severity vulnerability, https://github.com/advisories/GHSA-6hjr-v6g4-3fm8
C:\Users\anvar\source\repos\SpriteEditor\SpriteEditor.csproj : warning NU1701: Package 'OpenTK 3.3.1' was restored using '.NETFramework,Version=v4.6.1, .NETFramework,Version=v4.6.2, .NETFramework,Version=v4.7, .NETFramework,Version=v4.7.1, .NETFramework,Version=v4.7.2, .NETFramework,Version=v4.8, .NETFramework,Version=v4.8.1' instead of the project target framework 'net8.0-windows7.0'. This package may not be fully compatible with your project.
C:\Users\anvar\source\repos\SpriteEditor\SpriteEditor.csproj : warning NU1701: Package 'OpenTK.GLWpfControl 3.3.0' was restored using '.NETFramework,Version=v4.6.1, .NETFramework,Version=v4.6.2, .NETFramework,Version=v4.7, .NETFramework,Version=v4.7.1, .NETFramework,Version=v4.7.2, .NETFramework,Version=v4.8, .NETFramework,Version=v4.8.1' instead of the project target framework 'net8.0-windows7.0'. This package may not be fully compatible with your project.
C:\Users\anvar\source\repos\SpriteEditor\SpriteEditor.csproj : warning NU1701: Package 'SkiaSharp.Views.WPF 3.119.1' was restored using '.NETFramework,Version=v4.6.1, .NETFramework,Version=v4.6.2, .NETFramework,Version=v4.7, .NETFramework,Version=v4.7.1, .NETFramework,Version=v4.7.2, .NETFramework,Version=v4.8, .NETFramework,Version=v4.8.1' instead of the project target framework 'net8.0-windows7.0'. This package may not be fully compatible with your project.
C:\Users\anvar\source\repos\SpriteEditor\SpriteEditor_tavz5blv_wpftmp.csproj : warning NU1903: Package 'Magick.NET-Q8-AnyCPU' 14.9.1 has a known high severity vulnerability, https://github.com/advisories/GHSA-6hjr-v6g4-3fm8
C:\Users\anvar\source\repos\SpriteEditor\SpriteEditor_tavz5blv_wpftmp.csproj : warning NU1701: Package 'OpenTK 3.3.1' was restored using '.NETFramework,Version=v4.6.1, .NETFramework,Version=v4.6.2, .NETFramework,Version=v4.7, .NETFramework,Version=v4.7.1, .NETFramework,Version=v4.7.2, .NETFramework,Version=v4.8, .NETFramework,Version=v4.8.1' instead of the project target framework 'net8.0-windows7.0'. This package may not be fully compatible with your project.
C:\Users\anvar\source\repos\SpriteEditor\SpriteEditor_tavz5blv_wpftmp.csproj : warning NU1701: Package 'OpenTK.GLWpfControl 3.3.0' was restored using '.NETFramework,Version=v4.6.1, .NETFramework,Version=v4.6.2, .NETFramework,Version=v4.7, .NETFramework,Version=v4.7.1, .NETFramework,Version=v4.7.2, .NETFramework,Version=v4.8, .NETFramework,Version=v4.8.1' instead of the project target framework 'net8.0-windows7.0'. This package may not be fully compatible with your project.
C:\Users\anvar\source\repos\SpriteEditor\SpriteEditor_tavz5blv_wpftmp.csproj : warning NU1701: Package 'SkiaSharp.Views.WPF 3.119.1' was restored using '.NETFramework,Version=v4.6.1, .NETFramework,Version=v4.6.2, .NETFramework,Version=v4.7, .NETFramework,Version=v4.7.1, .NETFramework,Version=v4.7.2, .NETFramework,Version=v4.8, .NETFramework,Version=v4.8.1' instead of the project target framework 'net8.0-windows7.0'. This package may not be fully compatible with your project.
C:\Users\anvar\source\repos\SpriteEditor\Services\TexturePackerService.cs(14,7): warning CS0105: The using directive for 'System.IO' appeared previously in this namespace [C:\Users\anvar\source\repos\SpriteEditor\SpriteEditor_tavz5blv_wpftmp.csproj]
C:\Users\anvar\source\repos\SpriteEditor\Services\TexturePackerService.cs(17,7): warning CS0105: The using directive for 'SixLabors.ImageSharp' appeared previously in this namespace [C:\Users\anvar\source\repos\SpriteEditor\SpriteEditor_tavz5blv_wpftmp.csproj]
C:\Users\anvar\source\repos\SpriteEditor\Services\TexturePackerService.cs(18,7): warning CS0105: The using directive for 'SixLabors.ImageSharp.PixelFormats' appeared previously in this namespace [C:\Users\anvar\source\repos\SpriteEditor\SpriteEditor_tavz5blv_wpftmp.csproj]
C:\Users\anvar\source\repos\SpriteEditor\Services\TexturePackerService.cs(19,7): warning CS0105: The using directive for 'SixLabors.ImageSharp.Processing' appeared previously in this namespace [C:\Users\anvar\source\repos\SpriteEditor\SpriteEditor_tavz5blv_wpftmp.csproj]
C:\Users\anvar\source\repos\SpriteEditor\Services\TexturePackerService.cs(20,7): warning CS0105: The using directive for 'SpriteEditor.Data' appeared previously in this namespace [C:\Users\anvar\source\repos\SpriteEditor\SpriteEditor_tavz5blv_wpftmp.csproj]
C:\Users\anvar\source\repos\SpriteEditor\Services\Rigging\AutoWeightService.cs(39,41): warning CS8625: Cannot convert null literal to non-nullable reference type. [C:\Users\anvar\source\repos\SpriteEditor\SpriteEditor_tavz5blv_wpftmp.csproj]
C:\Users\anvar\source\repos\SpriteEditor\Views\Controls\TemplateOverlayCanvas.cs(19,51): warning CS0108: 'TemplateOverlayCanvas.TemplateProperty' hides inherited member 'Control.TemplateProperty'. Use the new keyword if hiding was intended. [C:\Users\anvar\source\repos\SpriteEditor\SpriteEditor_tavz5blv_wpftmp.csproj]
C:\Users\anvar\source\repos\SpriteEditor\Views\Controls\TemplateOverlayCanvas.cs(31,28): warning CS0108: 'TemplateOverlayCanvas.Template' hides inherited member 'Control.Template'. Use the new keyword if hiding was intended. [C:\Users\anvar\source\repos\SpriteEditor\SpriteEditor_tavz5blv_wpftmp.csproj]
C:\Users\anvar\source\repos\SpriteEditor\ViewModels\JointModel.cs(51,73): warning CS8625: Cannot convert null literal to non-nullable reference type. [C:\Users\anvar\source\repos\SpriteEditor\SpriteEditor_tavz5blv_wpftmp.csproj]
C:\Users\anvar\source\repos\SpriteEditor\Data\AnimationData.cs(25,23): warning CS8618: Non-nullable property 'PropertyName' must contain a non-null value when exiting constructor. Consider adding the 'required' modifier or declaring the property as nullable. [C:\Users\anvar\source\repos\SpriteEditor\SpriteEditor_tavz5blv_wpftmp.csproj]
C:\Users\anvar\source\repos\SpriteEditor\Converters\EnumToBooleanConverter.cs(18,32): warning CS8600: Converting null literal or possible null value to non-nullable type. [C:\Users\anvar\source\repos\SpriteEditor\SpriteEditor_tavz5blv_wpftmp.csproj]
C:\Users\anvar\source\repos\SpriteEditor\Converters\EnumToBooleanConverter.cs(19,34): warning CS8600: Converting null literal or possible null value to non-nullable type. [C:\Users\anvar\source\repos\SpriteEditor\SpriteEditor_tavz5blv_wpftmp.csproj]
C:\Users\anvar\source\repos\SpriteEditor\Converters\EnumToBooleanConverter.cs(20,20): warning CS8602: Dereference of a possibly null reference. [C:\Users\anvar\source\repos\SpriteEditor\SpriteEditor_tavz5blv_wpftmp.csproj]
C:\Users\anvar\source\repos\SpriteEditor\Converters\EnumToVisibilityConverter.cs(19,32): warning CS8600: Converting null literal or possible null value to non-nullable type. [C:\Users\anvar\source\repos\SpriteEditor\SpriteEditor_tavz5blv_wpftmp.csproj]
C:\Users\anvar\source\repos\SpriteEditor\Converters\EnumToVisibilityConverter.cs(20,34): warning CS8600: Converting null literal or possible null value to non-nullable type. [C:\Users\anvar\source\repos\SpriteEditor\SpriteEditor_tavz5blv_wpftmp.csproj]
C:\Users\anvar\source\repos\SpriteEditor\Converters\EnumToVisibilityConverter.cs(22,17): warning CS8602: Dereference of a possibly null reference. [C:\Users\anvar\source\repos\SpriteEditor\SpriteEditor_tavz5blv_wpftmp.csproj]
C:\Users\anvar\source\repos\SpriteEditor\Converters\EnumToBooleanConverter.cs(26,24): warning CS8603: Possible null reference return. [C:\Users\anvar\source\repos\SpriteEditor\SpriteEditor_tavz5blv_wpftmp.csproj]
C:\Users\anvar\source\repos\SpriteEditor\Converters\EnumToBooleanConverter.cs(29,34): warning CS8600: Converting null literal or possible null value to non-nullable type. [C:\Users\anvar\source\repos\SpriteEditor\SpriteEditor_tavz5blv_wpftmp.csproj]
C:\Users\anvar\source\repos\SpriteEditor\Converters\EnumToBooleanConverter.cs(31,47): warning CS8604: Possible null reference argument for parameter 'value' in 'object Enum.Parse(Type enumType, string value)'. [C:\Users\anvar\source\repos\SpriteEditor\SpriteEditor_tavz5blv_wpftmp.csproj]
C:\Users\anvar\source\repos\SpriteEditor\Data\FrameData.cs(12,23): warning CS8618: Non-nullable property 'FilePath' must contain a non-null value when exiting constructor. Consider adding the 'required' modifier or declaring the property as nullable. [C:\Users\anvar\source\repos\SpriteEditor\SpriteEditor_tavz5blv_wpftmp.csproj]
C:\Users\anvar\source\repos\SpriteEditor\Data\FrameData.cs(13,28): warning CS8618: Non-nullable property 'ImageSource' must contain a non-null value when exiting constructor. Consider adding the 'required' modifier or declaring the property as nullable. [C:\Users\anvar\source\repos\SpriteEditor\SpriteEditor_tavz5blv_wpftmp.csproj]
C:\Users\anvar\source\repos\SpriteEditor\Data\FrameData.cs(14,23): warning CS8618: Non-nullable property 'Name' must contain a non-null value when exiting constructor. Consider adding the 'required' modifier or declaring the property as nullable. [C:\Users\anvar\source\repos\SpriteEditor\SpriteEditor_tavz5blv_wpftmp.csproj]
C:\Users\anvar\source\repos\SpriteEditor\Data\JoinData.cs(34,23): warning CS8618: Non-nullable property 'Name' must contain a non-null value when exiting constructor. Consider adding the 'required' modifier or declaring the property as nullable. [C:\Users\anvar\source\repos\SpriteEditor\SpriteEditor_tavz5blv_wpftmp.csproj]
C:\Users\anvar\source\repos\SpriteEditor\Views\TemplateRiggingView.xaml.cs(15,55): warning CS8603: Possible null reference return. [C:\Users\anvar\source\repos\SpriteEditor\SpriteEditor_tavz5blv_wpftmp.csproj]
C:\Users\anvar\source\repos\SpriteEditor\Converters\VariableTypeToVisibilityConverter.cs(28,38): warning CS8600: Converting null literal or possible null value to non-nullable type. [C:\Users\anvar\source\repos\SpriteEditor\SpriteEditor_tavz5blv_wpftmp.csproj]
C:\Users\anvar\source\repos\SpriteEditor\Converters\VariableTypeToVisibilityConverter.cs(42,36): warning CS8600: Converting null literal or possible null value to non-nullable type. [C:\Users\anvar\source\repos\SpriteEditor\SpriteEditor_tavz5blv_wpftmp.csproj]
C:\Users\anvar\source\repos\SpriteEditor\App.xaml.cs(47,31): warning CS8600: Converting null literal or possible null value to non-nullable type. [C:\Users\anvar\source\repos\SpriteEditor\SpriteEditor_tavz5blv_wpftmp.csproj]
C:\Users\anvar\source\repos\SpriteEditor\App.xaml.cs(50,42): warning CS8604: Possible null reference argument for parameter 'format' in 'string string.Format(string format, params object?[] args)'. [C:\Users\anvar\source\repos\SpriteEditor\SpriteEditor_tavz5blv_wpftmp.csproj]
C:\Users\anvar\source\repos\SpriteEditor\App.xaml.cs(52,24): warning CS8603: Possible null reference return. [C:\Users\anvar\source\repos\SpriteEditor\SpriteEditor_tavz5blv_wpftmp.csproj]
C:\Users\anvar\source\repos\SpriteEditor\Helpers\UndoRedo\UndoRedoManager.cs(23,17): warning CS8618: Non-nullable event 'StacksChanged' must contain a non-null value when exiting constructor. Consider adding the 'required' modifier or declaring the event as nullable. [C:\Users\anvar\source\repos\SpriteEditor\SpriteEditor_tavz5blv_wpftmp.csproj]
C:\Users\anvar\source\repos\SpriteEditor\ViewModels\TexturePackerViewModel.cs(59,16): warning CS8618: Non-nullable field '_previewAtlas' must contain a non-null value when exiting constructor. Consider adding the 'required' modifier or declaring the field as nullable. [C:\Users\anvar\source\repos\SpriteEditor\SpriteEditor_tavz5blv_wpftmp.csproj]
C:\Users\anvar\source\repos\SpriteEditor\ViewModels\TexturePackerViewModel.cs(59,16): warning CS8618: Non-nullable field '_generatedAtlasBytes' must contain a non-null value when exiting constructor. Consider adding the 'required' modifier or declaring the field as nullable. [C:\Users\anvar\source\repos\SpriteEditor\SpriteEditor_tavz5blv_wpftmp.csproj]
C:\Users\anvar\source\repos\SpriteEditor\ViewModels\TexturePackerViewModel.cs(59,16): warning CS8618: Non-nullable field '_generatedMap' must contain a non-null value when exiting constructor. Consider adding the 'required' modifier or declaring the field as nullable. [C:\Users\anvar\source\repos\SpriteEditor\SpriteEditor_tavz5blv_wpftmp.csproj]
C:\Users\anvar\source\repos\SpriteEditor\ViewModels\TexturePackerViewModel.cs(96,28): warning CS8625: Cannot convert null literal to non-nullable reference type. [C:\Users\anvar\source\repos\SpriteEditor\SpriteEditor_tavz5blv_wpftmp.csproj]
C:\Users\anvar\source\repos\SpriteEditor\ViewModels\BackgroundEraserViewModel.cs(167,16): warning CS8618: Non-nullable field '_loadedImageSource' must contain a non-null value when exiting constructor. Consider adding the 'required' modifier or declaring the field as nullable. [C:\Users\anvar\source\repos\SpriteEditor\SpriteEditor_tavz5blv_wpftmp.csproj]
C:\Users\anvar\source\repos\SpriteEditor\ViewModels\BackgroundEraserViewModel.cs(167,16): warning CS8618: Non-nullable field '_loadedImagePath' must contain a non-null value when exiting constructor. Consider adding the 'required' modifier or declaring the field as nullable. [C:\Users\anvar\source\repos\SpriteEditor\SpriteEditor_tavz5blv_wpftmp.csproj]
C:\Users\anvar\source\repos\SpriteEditor\ViewModels\BackgroundEraserViewModel.cs(167,16): warning CS8618: Non-nullable field '_previewImageSource' must contain a non-null value when exiting constructor. Consider adding the 'required' modifier or declaring the field as nullable. [C:\Users\anvar\source\repos\SpriteEditor\SpriteEditor_tavz5blv_wpftmp.csproj]
C:\Users\anvar\source\repos\SpriteEditor\ViewModels\BackgroundEraserViewModel.cs(167,16): warning CS8618: Non-nullable field '_lastProcessedData' must contain a non-null value when exiting constructor. Consider adding the 'required' modifier or declaring the field as nullable. [C:\Users\anvar\source\repos\SpriteEditor\SpriteEditor_tavz5blv_wpftmp.csproj]
C:\Users\anvar\source\repos\SpriteEditor\Converters\VariableTypeToOperationsConverter.cs(20,24): warning CS8603: Possible null reference return. [C:\Users\anvar\source\repos\SpriteEditor\SpriteEditor_tavz5blv_wpftmp.csproj]
C:\Users\anvar\source\repos\SpriteEditor\Converters\VariableTypeToOperationsConverter.cs(22,30): warning CS8600: Converting null literal or possible null value to non-nullable type. [C:\Users\anvar\source\repos\SpriteEditor\SpriteEditor_tavz5blv_wpftmp.csproj]
C:\Users\anvar\source\repos\SpriteEditor\Converters\VariableTypeToOperationsConverter.cs(25,43): warning CS8603: Possible null reference return. [C:\Users\anvar\source\repos\SpriteEditor\SpriteEditor_tavz5blv_wpftmp.csproj]
C:\Users\anvar\source\repos\SpriteEditor\ViewModels\BackgroundEraserViewModel.cs(209,42): warning CS8625: Cannot convert null literal to non-nullable reference type. [C:\Users\anvar\source\repos\SpriteEditor\SpriteEditor_tavz5blv_wpftmp.csproj]
C:\Users\anvar\source\repos\SpriteEditor\ViewModels\BackgroundEraserViewModel.cs(210,41): warning CS8625: Cannot convert null literal to non-nullable reference type. [C:\Users\anvar\source\repos\SpriteEditor\SpriteEditor_tavz5blv_wpftmp.csproj]
C:\Users\anvar\source\repos\SpriteEditor\Helpers\UndoRedo\UndoRedoManager.cs(20,40): warning CS8618: Non-nullable field '_instance' must contain a non-null value when exiting constructor. Consider adding the 'required' modifier or declaring the field as nullable. [C:\Users\anvar\source\repos\SpriteEditor\SpriteEditor_tavz5blv_wpftmp.csproj]
C:\Users\anvar\source\repos\SpriteEditor\Data\PackedSprite.cs(11,23): warning CS8618: Non-nullable property 'Name' must contain a non-null value when exiting constructor. Consider adding the 'required' modifier or declaring the property as nullable. [C:\Users\anvar\source\repos\SpriteEditor\SpriteEditor_tavz5blv_wpftmp.csproj]
C:\Users\anvar\source\repos\SpriteEditor\Data\PackedSprite.cs(12,23): warning CS8618: Non-nullable property 'FilePath' must contain a non-null value when exiting constructor. Consider adding the 'required' modifier or declaring the property as nullable. [C:\Users\anvar\source\repos\SpriteEditor\SpriteEditor_tavz5blv_wpftmp.csproj]
C:\Users\anvar\source\repos\SpriteEditor\ViewModels\BackgroundEraserViewModel.cs(244,38): warning CS8625: Cannot convert null literal to non-nullable reference type. [C:\Users\anvar\source\repos\SpriteEditor\SpriteEditor_tavz5blv_wpftmp.csproj]
C:\Users\anvar\source\repos\SpriteEditor\ViewModels\BackgroundEraserViewModel.cs(245,37): warning CS8625: Cannot convert null literal to non-nullable reference type. [C:\Users\anvar\source\repos\SpriteEditor\SpriteEditor_tavz5blv_wpftmp.csproj]
C:\Users\anvar\source\repos\SpriteEditor\Helpers\GlobalErrorHandler.cs(191,33): warning CS8600: Converting null literal or possible null value to non-nullable type. [C:\Users\anvar\source\repos\SpriteEditor\SpriteEditor_tavz5blv_wpftmp.csproj]
C:\Users\anvar\source\repos\SpriteEditor\Helpers\GlobalErrorHandler.cs(14,31): warning CS8618: Non-nullable field '_logFilePath' must contain a non-null value when exiting constructor. Consider adding the 'required' modifier or declaring the field as nullable. [C:\Users\anvar\source\repos\SpriteEditor\SpriteEditor_tavz5blv_wpftmp.csproj]
C:\Users\anvar\source\repos\SpriteEditor\Data\RigData.cs(27,16): warning CS8618: Non-nullable property 'ImageFileName' must contain a non-null value when exiting constructor. Consider adding the 'required' modifier or declaring the property as nullable. [C:\Users\anvar\source\repos\SpriteEditor\SpriteEditor_tavz5blv_wpftmp.csproj]
C:\Users\anvar\source\repos\SpriteEditor\ViewModels\BackgroundEraserViewModel.cs(271,33): warning CS8625: Cannot convert null literal to non-nullable reference type. [C:\Users\anvar\source\repos\SpriteEditor\SpriteEditor_tavz5blv_wpftmp.csproj]
C:\Users\anvar\source\repos\SpriteEditor\ViewModels\BackgroundEraserViewModel.cs(279,37): warning CS8600: Converting null literal or possible null value to non-nullable type. [C:\Users\anvar\source\repos\SpriteEditor\SpriteEditor_tavz5blv_wpftmp.csproj]
C:\Users\anvar\source\repos\SpriteEditor\MainWindow.xaml.cs(136,18): warning CS8602: Dereference of a possibly null reference. [C:\Users\anvar\source\repos\SpriteEditor\SpriteEditor_tavz5blv_wpftmp.csproj]
C:\Users\anvar\source\repos\SpriteEditor\Data\Story\StoryModels.cs(251,45): warning CS8618: Non-nullable field '_characterId' must contain a non-null value when exiting constructor. Consider adding the 'required' modifier or declaring the field as nullable. [C:\Users\anvar\source\repos\SpriteEditor\SpriteEditor_tavz5blv_wpftmp.csproj]
C:\Users\anvar\source\repos\SpriteEditor\ViewModels\BackgroundEraserViewModel.cs(392,38): warning CS8625: Cannot convert null literal to non-nullable reference type. [C:\Users\anvar\source\repos\SpriteEditor\SpriteEditor_tavz5blv_wpftmp.csproj]
C:\Users\anvar\source\repos\SpriteEditor\ViewModels\BackgroundEraserViewModel.cs(393,37): warning CS8625: Cannot convert null literal to non-nullable reference type. [C:\Users\anvar\source\repos\SpriteEditor\SpriteEditor_tavz5blv_wpftmp.csproj]
C:\Users\anvar\source\repos\SpriteEditor\ViewModels\FrameAnimatorViewModel.cs(56,16): warning CS8618: Non-nullable field '_currentFrame' must contain a non-null value when exiting constructor. Consider adding the 'required' modifier or declaring the field as nullable. [C:\Users\anvar\source\repos\SpriteEditor\SpriteEditor_tavz5blv_wpftmp.csproj]
C:\Users\anvar\source\repos\SpriteEditor\Views\TemplateRiggingView.xaml.cs(256,29): warning CS0618: 'SKPaint.TextSize' is obsolete: 'Use SKFont.Size instead.' [C:\Users\anvar\source\repos\SpriteEditor\SpriteEditor_tavz5blv_wpftmp.csproj]
C:\Users\anvar\source\repos\SpriteEditor\Views\TemplateRiggingView.xaml.cs(259,25): warning CS0618: 'SKCanvas.DrawText(string, float, float, SKPaint)' is obsolete: 'Use DrawText(string text, float x, float y, SKTextAlign textAlign, SKFont font, SKPaint paint) instead.' [C:\Users\anvar\source\repos\SpriteEditor\SpriteEditor_tavz5blv_wpftmp.csproj]
C:\Users\anvar\source\repos\SpriteEditor\ViewModels\FormatConverterViewModel.cs(105,16): warning CS8618: Non-nullable field '_sourcePath' must contain a non-null value when exiting constructor. Consider adding the 'required' modifier or declaring the field as nullable. [C:\Users\anvar\source\repos\SpriteEditor\SpriteEditor_tavz5blv_wpftmp.csproj]
C:\Users\anvar\source\repos\SpriteEditor\ViewModels\FormatConverterViewModel.cs(105,16): warning CS8618: Non-nullable field '_previewSource' must contain a non-null value when exiting constructor. Consider adding the 'required' modifier or declaring the field as nullable. [C:\Users\anvar\source\repos\SpriteEditor\SpriteEditor_tavz5blv_wpftmp.csproj]
C:\Users\anvar\source\repos\SpriteEditor\ViewModels\TemplateRiggingViewModel.cs(72,46): warning CS8625: Cannot convert null literal to non-nullable reference type. [C:\Users\anvar\source\repos\SpriteEditor\SpriteEditor_tavz5blv_wpftmp.csproj]
C:\Users\anvar\source\repos\SpriteEditor\ViewModels\TemplateRiggingViewModel.cs(127,35): warning CS8622: Nullability of reference types in type of parameter 'sender' of 'void TemplateRiggingViewModel.PhysicsTimer_Tick(object sender, EventArgs e)' doesn't match the target delegate 'EventHandler' (possibly because of nullability attributes). [C:\Users\anvar\source\repos\SpriteEditor\SpriteEditor_tavz5blv_wpftmp.csproj]
C:\Users\anvar\source\repos\SpriteEditor\ViewModels\TemplateRiggingViewModel.cs(119,16): warning CS8618: Non-nullable field '_loadedSprite' must contain a non-null value when exiting constructor. Consider adding the 'required' modifier or declaring the field as nullable. [C:\Users\anvar\source\repos\SpriteEditor\SpriteEditor_tavz5blv_wpftmp.csproj]
C:\Users\anvar\source\repos\SpriteEditor\ViewModels\TemplateRiggingViewModel.cs(119,16): warning CS8618: Non-nullable field '_loadedSpritePath' must contain a non-null value when exiting constructor. Consider adding the 'required' modifier or declaring the field as nullable. [C:\Users\anvar\source\repos\SpriteEditor\SpriteEditor_tavz5blv_wpftmp.csproj]
C:\Users\anvar\source\repos\SpriteEditor\ViewModels\TemplateRiggingViewModel.cs(119,16): warning CS8618: Non-nullable field '_selectedTemplate' must contain a non-null value when exiting constructor. Consider adding the 'required' modifier or declaring the field as nullable. [C:\Users\anvar\source\repos\SpriteEditor\SpriteEditor_tavz5blv_wpftmp.csproj]
C:\Users\anvar\source\repos\SpriteEditor\ViewModels\TemplateRiggingViewModel.cs(119,16): warning CS8618: Non-nullable field '_selectedOverlayJoint' must contain a non-null value when exiting constructor. Consider adding the 'required' modifier or declaring the field as nullable. [C:\Users\anvar\source\repos\SpriteEditor\SpriteEditor_tavz5blv_wpftmp.csproj]
C:\Users\anvar\source\repos\SpriteEditor\ViewModels\TemplateRiggingViewModel.cs(119,16): warning CS8618: Non-nullable field '_draggedJoint' must contain a non-null value when exiting constructor. Consider adding the 'required' modifier or declaring the field as nullable. [C:\Users\anvar\source\repos\SpriteEditor\SpriteEditor_tavz5blv_wpftmp.csproj]
C:\Users\anvar\source\repos\SpriteEditor\ViewModels\TemplateRiggingViewModel.cs(119,16): warning CS8618: Non-nullable event 'RequestRedraw' must contain a non-null value when exiting constructor. Consider adding the 'required' modifier or declaring the event as nullable. [C:\Users\anvar\source\repos\SpriteEditor\SpriteEditor_tavz5blv_wpftmp.csproj]
C:\Users\anvar\source\repos\SpriteEditor\ViewModels\FormatConverterViewModel.cs(187,33): warning CS8625: Cannot convert null literal to non-nullable reference type. [C:\Users\anvar\source\repos\SpriteEditor\SpriteEditor_tavz5blv_wpftmp.csproj]
C:\Users\anvar\source\repos\SpriteEditor\Data\Story\StoryModels.cs(239,45): warning CS8618: Non-nullable field '_characterId' must contain a non-null value when exiting constructor. Consider adding the 'required' modifier or declaring the field as nullable. [C:\Users\anvar\source\repos\SpriteEditor\SpriteEditor_tavz5blv_wpftmp.csproj]
C:\Users\anvar\source\repos\SpriteEditor\Data\RigTemplate.cs(38,16): warning CS8618: Non-nullable property 'Name' must contain a non-null value when exiting constructor. Consider adding the 'required' modifier or declaring the property as nullable. [C:\Users\anvar\source\repos\SpriteEditor\SpriteEditor_tavz5blv_wpftmp.csproj]
C:\Users\anvar\source\repos\SpriteEditor\Data\RigTemplate.cs(38,16): warning CS8618: Non-nullable property 'Category' must contain a non-null value when exiting constructor. Consider adding the 'required' modifier or declaring the property as nullable. [C:\Users\anvar\source\repos\SpriteEditor\SpriteEditor_tavz5blv_wpftmp.csproj]
C:\Users\anvar\source\repos\SpriteEditor\Data\RigTemplate.cs(38,16): warning CS8618: Non-nullable property 'Description' must contain a non-null value when exiting constructor. Consider adding the 'required' modifier or declaring the property as nullable. [C:\Users\anvar\source\repos\SpriteEditor\SpriteEditor_tavz5blv_wpftmp.csproj]
C:\Users\anvar\source\repos\SpriteEditor\Data\RigTemplate.cs(38,16): warning CS8618: Non-nullable property 'Mesh' must contain a non-null value when exiting constructor. Consider adding the 'required' modifier or declaring the property as nullable. [C:\Users\anvar\source\repos\SpriteEditor\SpriteEditor_tavz5blv_wpftmp.csproj]
C:\Users\anvar\source\repos\SpriteEditor\ViewModels\BackgroundEraserViewModel.cs(544,39): warning CS8600: Converting null literal or possible null value to non-nullable type. [C:\Users\anvar\source\repos\SpriteEditor\SpriteEditor_tavz5blv_wpftmp.csproj]
C:\Users\anvar\source\repos\SpriteEditor\ViewModels\BackgroundEraserViewModel.cs(556,49): warning CS8600: Converting null literal or possible null value to non-nullable type. [C:\Users\anvar\source\repos\SpriteEditor\SpriteEditor_tavz5blv_wpftmp.csproj]
C:\Users\anvar\source\repos\SpriteEditor\ViewModels\BackgroundEraserViewModel.cs(569,62): warning CS8604: Possible null reference argument for parameter 'path1' in 'string Path.Combine(string path1, string path2)'. [C:\Users\anvar\source\repos\SpriteEditor\SpriteEditor_tavz5blv_wpftmp.csproj]
C:\Users\anvar\source\repos\SpriteEditor\ViewModels\BackgroundEraserViewModel.cs(570,60): warning CS8604: Possible null reference argument for parameter 'bytes' in 'void File.WriteAllBytes(string path, byte[] bytes)'. [C:\Users\anvar\source\repos\SpriteEditor\SpriteEditor_tavz5blv_wpftmp.csproj]
C:\Users\anvar\source\repos\SpriteEditor\ViewModels\BackgroundEraserViewModel.cs(606,36): warning CS8603: Possible null reference return. [C:\Users\anvar\source\repos\SpriteEditor\SpriteEditor_tavz5blv_wpftmp.csproj]
C:\Users\anvar\source\repos\SpriteEditor\ViewModels\BackgroundEraserViewModel.cs(620,24): warning CS8603: Possible null reference return. [C:\Users\anvar\source\repos\SpriteEditor\SpriteEditor_tavz5blv_wpftmp.csproj]
C:\Users\anvar\source\repos\SpriteEditor\ViewModels\TemplateRiggingViewModel.cs(321,29): warning CS8625: Cannot convert null literal to non-nullable reference type. [C:\Users\anvar\source\repos\SpriteEditor\SpriteEditor_tavz5blv_wpftmp.csproj]
C:\Users\anvar\source\repos\SpriteEditor\ViewModels\TemplateRiggingViewModel.cs(350,32): warning CS8625: Cannot convert null literal to non-nullable reference type. [C:\Users\anvar\source\repos\SpriteEditor\SpriteEditor_tavz5blv_wpftmp.csproj]
C:\Users\anvar\source\repos\SpriteEditor\Views\StoryPlayerWindow.xaml.cs(27,29): warning CS8622: Nullability of reference types in type of parameter 'sender' of 'void StoryPlayerWindow.StoryPlayerWindow_Closing(object sender, CancelEventArgs e)' doesn't match the target delegate 'CancelEventHandler' (possibly because of nullability attributes). [C:\Users\anvar\source\repos\SpriteEditor\SpriteEditor_tavz5blv_wpftmp.csproj]
C:\Users\anvar\source\repos\SpriteEditor\Data\RigTemplate.cs(53,23): warning CS8618: Non-nullable property 'Name' must contain a non-null value when exiting constructor. Consider adding the 'required' modifier or declaring the property as nullable. [C:\Users\anvar\source\repos\SpriteEditor\SpriteEditor_tavz5blv_wpftmp.csproj]
C:\Users\anvar\source\repos\SpriteEditor\Data\RigTemplate.cs(65,23): warning CS8618: Non-nullable property 'ParentName' must contain a non-null value when exiting constructor. Consider adding the 'required' modifier or declaring the property as nullable. [C:\Users\anvar\source\repos\SpriteEditor\SpriteEditor_tavz5blv_wpftmp.csproj]
C:\Users\anvar\source\repos\SpriteEditor\Data\RigTemplate.cs(70,23): warning CS8618: Non-nullable property 'RegionName' must contain a non-null value when exiting constructor. Consider adding the 'required' modifier or declaring the property as nullable. [C:\Users\anvar\source\repos\SpriteEditor\SpriteEditor_tavz5blv_wpftmp.csproj]
C:\Users\anvar\source\repos\SpriteEditor\Data\RigTemplate.cs(76,23): warning CS8618: Non-nullable property 'SymmetryPair' must contain a non-null value when exiting constructor. Consider adding the 'required' modifier or declaring the property as nullable. [C:\Users\anvar\source\repos\SpriteEditor\SpriteEditor_tavz5blv_wpftmp.csproj]
C:\Users\anvar\source\repos\SpriteEditor\Data\RigTemplate.cs(119,23): warning CS8618: Non-nullable property 'IKChainName' must contain a non-null value when exiting constructor. Consider adding the 'required' modifier or declaring the property as nullable. [C:\Users\anvar\source\repos\SpriteEditor\SpriteEditor_tavz5blv_wpftmp.csproj]
C:\Users\anvar\source\repos\SpriteEditor\ViewModels\JointModel.cs(51,16): warning CS8618: Non-nullable property 'IKChainName' must contain a non-null value when exiting constructor. Consider adding the 'required' modifier or declaring the property as nullable. [C:\Users\anvar\source\repos\SpriteEditor\SpriteEditor_tavz5blv_wpftmp.csproj]
C:\Users\anvar\source\repos\SpriteEditor\ViewModels\TemplateRiggingViewModel.cs(450,33): warning CS8625: Cannot convert null literal to non-nullable reference type. [C:\Users\anvar\source\repos\SpriteEditor\SpriteEditor_tavz5blv_wpftmp.csproj]
C:\Users\anvar\source\repos\SpriteEditor\ViewModels\TemplateRiggingViewModel.cs(455,40): warning CS8625: Cannot convert null literal to non-nullable reference type. [C:\Users\anvar\source\repos\SpriteEditor\SpriteEditor_tavz5blv_wpftmp.csproj]
C:\Users\anvar\source\repos\SpriteEditor\Views\StoryEditorView.xaml.cs(13,51): warning CS8603: Possible null reference return. [C:\Users\anvar\source\repos\SpriteEditor\SpriteEditor_tavz5blv_wpftmp.csproj]
C:\Users\anvar\source\repos\SpriteEditor\ViewModels\TemplateRiggingViewModel.cs(471,34): warning CS8600: Converting null literal or possible null value to non-nullable type. [C:\Users\anvar\source\repos\SpriteEditor\SpriteEditor_tavz5blv_wpftmp.csproj]
C:\Users\anvar\source\repos\SpriteEditor\ViewModels\TemplateRiggingViewModel.cs(486,20): warning CS8603: Possible null reference return. [C:\Users\anvar\source\repos\SpriteEditor\SpriteEditor_tavz5blv_wpftmp.csproj]
C:\Users\anvar\source\repos\SpriteEditor\ViewModels\TemplateRiggingViewModel.cs(521,24): warning CS8603: Possible null reference return. [C:\Users\anvar\source\repos\SpriteEditor\SpriteEditor_tavz5blv_wpftmp.csproj]
C:\Users\anvar\source\repos\SpriteEditor\Views\StoryEditorView.xaml.cs(76,65): warning CS8625: Cannot convert null literal to non-nullable reference type. [C:\Users\anvar\source\repos\SpriteEditor\SpriteEditor_tavz5blv_wpftmp.csproj]
C:\Users\anvar\source\repos\SpriteEditor\Services\Commands\CommandHistory.cs(23,16): warning CS8618: Non-nullable event 'StateChanged' must contain a non-null value when exiting constructor. Consider adding the 'required' modifier or declaring the event as nullable. [C:\Users\anvar\source\repos\SpriteEditor\SpriteEditor_tavz5blv_wpftmp.csproj]
C:\Users\anvar\source\repos\SpriteEditor\ViewModels\RiggingViewModel.cs(168,51): warning CS8625: Cannot convert null literal to non-nullable reference type. [C:\Users\anvar\source\repos\SpriteEditor\SpriteEditor_tavz5blv_wpftmp.csproj]
C:\Users\anvar\source\repos\SpriteEditor\ViewModels\RiggingViewModel.cs(176,16): warning CS8618: Non-nullable event 'RequestRedraw' must contain a non-null value when exiting constructor. Consider adding the 'required' modifier or declaring the event as nullable. [C:\Users\anvar\source\repos\SpriteEditor\SpriteEditor_tavz5blv_wpftmp.csproj]
C:\Users\anvar\source\repos\SpriteEditor\ViewModels\RiggingViewModel.cs(176,16): warning CS8618: Non-nullable event 'RequestCenterCamera' must contain a non-null value when exiting constructor. Consider adding the 'required' modifier or declaring the event as nullable. [C:\Users\anvar\source\repos\SpriteEditor\SpriteEditor_tavz5blv_wpftmp.csproj]
C:\Users\anvar\source\repos\SpriteEditor\ViewModels\RiggingViewModel.cs(176,16): warning CS8618: Non-nullable field '_loadedBitmap' must contain a non-null value when exiting constructor. Consider adding the 'required' modifier or declaring the field as nullable. [C:\Users\anvar\source\repos\SpriteEditor\SpriteEditor_tavz5blv_wpftmp.csproj]
C:\Users\anvar\source\repos\SpriteEditor\ViewModels\RiggingViewModel.cs(176,16): warning CS8618: Non-nullable field '_selectedJoint' must contain a non-null value when exiting constructor. Consider adding the 'required' modifier or declaring the field as nullable. [C:\Users\anvar\source\repos\SpriteEditor\SpriteEditor_tavz5blv_wpftmp.csproj]
C:\Users\anvar\source\repos\SpriteEditor\ViewModels\RiggingViewModel.cs(176,16): warning CS8618: Non-nullable field '_selectedVertex' must contain a non-null value when exiting constructor. Consider adding the 'required' modifier or declaring the field as nullable. [C:\Users\anvar\source\repos\SpriteEditor\SpriteEditor_tavz5blv_wpftmp.csproj]
C:\Users\anvar\source\repos\SpriteEditor\ViewModels\RiggingViewModel.cs(176,16): warning CS8618: Non-nullable field '_loadedImagePath' must contain a non-null value when exiting constructor. Consider adding the 'required' modifier or declaring the field as nullable. [C:\Users\anvar\source\repos\SpriteEditor\SpriteEditor_tavz5blv_wpftmp.csproj]
C:\Users\anvar\source\repos\SpriteEditor\ViewModels\RiggingViewModel.cs(176,16): warning CS8618: Non-nullable field '_currentAnimation' must contain a non-null value when exiting constructor. Consider adding the 'required' modifier or declaring the field as nullable. [C:\Users\anvar\source\repos\SpriteEditor\SpriteEditor_tavz5blv_wpftmp.csproj]
C:\Users\anvar\source\repos\SpriteEditor\ViewModels\RiggingViewModel.cs(176,16): warning CS8618: Non-nullable field '_animationTimer' must contain a non-null value when exiting constructor. Consider adding the 'required' modifier or declaring the field as nullable. [C:\Users\anvar\source\repos\SpriteEditor\SpriteEditor_tavz5blv_wpftmp.csproj]
C:\Users\anvar\source\repos\SpriteEditor\ViewModels\RiggingViewModel.cs(176,16): warning CS8618: Non-nullable field '_physicsTimer' must contain a non-null value when exiting constructor. Consider adding the 'required' modifier or declaring the field as nullable. [C:\Users\anvar\source\repos\SpriteEditor\SpriteEditor_tavz5blv_wpftmp.csproj]
C:\Users\anvar\source\repos\SpriteEditor\Views\BackgroundEraserView.xaml.cs(22,30): warning CS8601: Possible null reference assignment. [C:\Users\anvar\source\repos\SpriteEditor\SpriteEditor_tavz5blv_wpftmp.csproj]
C:\Users\anvar\source\repos\SpriteEditor\Views\BackgroundEraserView.xaml.cs(16,16): warning CS8618: Non-nullable field '_viewModel' must contain a non-null value when exiting constructor. Consider adding the 'required' modifier or declaring the field as nullable. [C:\Users\anvar\source\repos\SpriteEditor\SpriteEditor_tavz5blv_wpftmp.csproj]
C:\Users\anvar\source\repos\SpriteEditor\Views\StoryEditorView.xaml.cs(149,62): warning CS8604: Possible null reference argument for parameter 'current' in 'StoryNode StoryEditorView.FindAncestorData<StoryNode>(DependencyObject current)'. [C:\Users\anvar\source\repos\SpriteEditor\SpriteEditor_tavz5blv_wpftmp.csproj]
C:\Users\anvar\source\repos\SpriteEditor\Services\Commands\CommandHistory.cs(109,46): warning CS8603: Possible null reference return. [C:\Users\anvar\source\repos\SpriteEditor\SpriteEditor_tavz5blv_wpftmp.csproj]
C:\Users\anvar\source\repos\SpriteEditor\Services\Commands\CommandHistory.cs(114,46): warning CS8603: Possible null reference return. [C:\Users\anvar\source\repos\SpriteEditor\SpriteEditor_tavz5blv_wpftmp.csproj]
C:\Users\anvar\source\repos\SpriteEditor\Views\BackgroundEraserView.xaml.cs(74,32): warning CS8602: Dereference of a possibly null reference. [C:\Users\anvar\source\repos\SpriteEditor\SpriteEditor_tavz5blv_wpftmp.csproj]
C:\Users\anvar\source\repos\SpriteEditor\Services\Commands\CommandHistory.cs(129,48): warning CS8603: Possible null reference return. [C:\Users\anvar\source\repos\SpriteEditor\SpriteEditor_tavz5blv_wpftmp.csproj]
C:\Users\anvar\source\repos\SpriteEditor\Data\RigTemplate.cs(138,16): warning CS8618: Non-nullable property 'Name' must contain a non-null value when exiting constructor. Consider adding the 'required' modifier or declaring the property as nullable. [C:\Users\anvar\source\repos\SpriteEditor\SpriteEditor_tavz5blv_wpftmp.csproj]
C:\Users\anvar\source\repos\SpriteEditor\Data\Story\StoryModels.cs(163,23): warning CS8618: Non-nullable property 'StartNodeId' must contain a non-null value when exiting constructor. Consider adding the 'required' modifier or declaring the property as nullable. [C:\Users\anvar\source\repos\SpriteEditor\SpriteEditor_tavz5blv_wpftmp.csproj]
C:\Users\anvar\source\repos\SpriteEditor\ViewModels\TemplateRiggingViewModel.cs(623,34): warning CS8600: Converting null literal or possible null value to non-nullable type. [C:\Users\anvar\source\repos\SpriteEditor\SpriteEditor_tavz5blv_wpftmp.csproj]
C:\Users\anvar\source\repos\SpriteEditor\ViewModels\TemplateRiggingViewModel.cs(638,20): warning CS8603: Possible null reference return. [C:\Users\anvar\source\repos\SpriteEditor\SpriteEditor_tavz5blv_wpftmp.csproj]
C:\Users\anvar\source\repos\SpriteEditor\ViewModels\RiggingViewModel.cs(368,20): warning CS8603: Possible null reference return. [C:\Users\anvar\source\repos\SpriteEditor\SpriteEditor_tavz5blv_wpftmp.csproj]
C:\Users\anvar\source\repos\SpriteEditor\Views\BackgroundEraserView.xaml.cs(122,45): warning CS8602: Dereference of a possibly null reference. [C:\Users\anvar\source\repos\SpriteEditor\SpriteEditor_tavz5blv_wpftmp.csproj]
C:\Users\anvar\source\repos\SpriteEditor\ViewModels\SpriteSlicerViewModel.cs(93,16): warning CS8618: Non-nullable field '_loadedImageSource' must contain a non-null value when exiting constructor. Consider adding the 'required' modifier or declaring the field as nullable. [C:\Users\anvar\source\repos\SpriteEditor\SpriteEditor_tavz5blv_wpftmp.csproj]
C:\Users\anvar\source\repos\SpriteEditor\ViewModels\SpriteSlicerViewModel.cs(93,16): warning CS8618: Non-nullable field '_loadedImagePath' must contain a non-null value when exiting constructor. Consider adding the 'required' modifier or declaring the field as nullable. [C:\Users\anvar\source\repos\SpriteEditor\SpriteEditor_tavz5blv_wpftmp.csproj]
C:\Users\anvar\source\repos\SpriteEditor\ViewModels\SpriteSlicerViewModel.cs(93,16): warning CS8618: Non-nullable field '_selectedPart' must contain a non-null value when exiting constructor. Consider adding the 'required' modifier or declaring the field as nullable. [C:\Users\anvar\source\repos\SpriteEditor\SpriteEditor_tavz5blv_wpftmp.csproj]
C:\Users\anvar\source\repos\SpriteEditor\ViewModels\StoryEditorViewModel.cs(21,26): warning CS8618: Non-nullable property 'Source' must contain a non-null value when exiting constructor. Consider adding the 'required' modifier or declaring the property as nullable. [C:\Users\anvar\source\repos\SpriteEditor\SpriteEditor_tavz5blv_wpftmp.csproj]
C:\Users\anvar\source\repos\SpriteEditor\ViewModels\StoryEditorViewModel.cs(22,26): warning CS8618: Non-nullable property 'Target' must contain a non-null value when exiting constructor. Consider adding the 'required' modifier or declaring the property as nullable. [C:\Users\anvar\source\repos\SpriteEditor\SpriteEditor_tavz5blv_wpftmp.csproj]
C:\Users\anvar\source\repos\SpriteEditor\Views\StoryEditorView.xaml.cs(178,17): warning CS8602: Dereference of a possibly null reference. [C:\Users\anvar\source\repos\SpriteEditor\SpriteEditor_tavz5blv_wpftmp.csproj]
C:\Users\anvar\source\repos\SpriteEditor\Views\StoryEditorView.xaml.cs(191,27): warning CS8602: Dereference of a possibly null reference. [C:\Users\anvar\source\repos\SpriteEditor\SpriteEditor_tavz5blv_wpftmp.csproj]
C:\Users\anvar\source\repos\SpriteEditor\Views\StoryEditorView.xaml.cs(206,20): warning CS8603: Possible null reference return. [C:\Users\anvar\source\repos\SpriteEditor\SpriteEditor_tavz5blv_wpftmp.csproj]
C:\Users\anvar\source\repos\SpriteEditor\Data\Story\StoryModels.cs(124,45): warning CS8618: Non-nullable field '_backgroundImagePath' must contain a non-null value when exiting constructor. Consider adding the 'required' modifier or declaring the field as nullable. [C:\Users\anvar\source\repos\SpriteEditor\SpriteEditor_tavz5blv_wpftmp.csproj]
C:\Users\anvar\source\repos\SpriteEditor\Data\Story\StoryModels.cs(125,45): warning CS8618: Non-nullable field '_characterImagePath' must contain a non-null value when exiting constructor. Consider adding the 'required' modifier or declaring the field as nullable. [C:\Users\anvar\source\repos\SpriteEditor\SpriteEditor_tavz5blv_wpftmp.csproj]
C:\Users\anvar\source\repos\SpriteEditor\Data\Story\StoryModels.cs(126,45): warning CS8618: Non-nullable field '_audioPath' must contain a non-null value when exiting constructor. Consider adding the 'required' modifier or declaring the field as nullable. [C:\Users\anvar\source\repos\SpriteEditor\SpriteEditor_tavz5blv_wpftmp.csproj]
C:\Users\anvar\source\repos\SpriteEditor\Services\Rigging\TemplateService.cs(191,41): warning CS8600: Converting null literal or possible null value to non-nullable type. [C:\Users\anvar\source\repos\SpriteEditor\SpriteEditor_tavz5blv_wpftmp.csproj]
C:\Users\anvar\source\repos\SpriteEditor\ViewModels\SpriteSlicerViewModel.cs(201,93): warning CS8625: Cannot convert null literal to non-nullable reference type. [C:\Users\anvar\source\repos\SpriteEditor\SpriteEditor_tavz5blv_wpftmp.csproj]
C:\Users\anvar\source\repos\SpriteEditor\Data\Story\StoryModels.cs(105,45): warning CS8618: Non-nullable field '_targetNodeId' must contain a non-null value when exiting constructor. Consider adding the 'required' modifier or declaring the field as nullable. [C:\Users\anvar\source\repos\SpriteEditor\SpriteEditor_tavz5blv_wpftmp.csproj]
C:\Users\anvar\source\repos\SpriteEditor\Data\Story\StoryModels.cs(108,45): warning CS8618: Non-nullable field '_conditionVariableName' must contain a non-null value when exiting constructor. Consider adding the 'required' modifier or declaring the field as nullable. [C:\Users\anvar\source\repos\SpriteEditor\SpriteEditor_tavz5blv_wpftmp.csproj]
C:\Users\anvar\source\repos\SpriteEditor\Data\Story\StoryModels.cs(110,45): warning CS8618: Non-nullable field '_conditionValue' must contain a non-null value when exiting constructor. Consider adding the 'required' modifier or declaring the field as nullable. [C:\Users\anvar\source\repos\SpriteEditor\SpriteEditor_tavz5blv_wpftmp.csproj]
C:\Users\anvar\source\repos\SpriteEditor\ViewModels\SpriteSlicerViewModel.cs(212,30): warning CS8600: Converting null literal or possible null value to non-nullable type. [C:\Users\anvar\source\repos\SpriteEditor\SpriteEditor_tavz5blv_wpftmp.csproj]
C:\Users\anvar\source\repos\SpriteEditor\ViewModels\SpriteSlicerViewModel.cs(218,77): warning CS8604: Possible null reference argument for parameter 'outputDirectory' in 'void ImageService.SliceByRects(string imagePath, List<Int32Rect> rects, string outputDirectory)'. [C:\Users\anvar\source\repos\SpriteEditor\SpriteEditor_tavz5blv_wpftmp.csproj]
C:\Users\anvar\source\repos\SpriteEditor\ViewModels\SpriteSlicerViewModel.cs(223,77): warning CS8604: Possible null reference argument for parameter 'outputDirectory' in 'void ImageService.SliceByRects(string imagePath, List<Int32Rect> rects, string outputDirectory)'. [C:\Users\anvar\source\repos\SpriteEditor\SpriteEditor_tavz5blv_wpftmp.csproj]
C:\Users\anvar\source\repos\SpriteEditor\ViewModels\SpriteSlicerViewModel.cs(226,29): warning CS8604: Possible null reference argument for parameter 'path' in 'void SpriteSlicerViewModel.NotifyShell(string path)'. [C:\Users\anvar\source\repos\SpriteEditor\SpriteEditor_tavz5blv_wpftmp.csproj]
C:\Users\anvar\source\repos\SpriteEditor\ViewModels\SpriteSlicerViewModel.cs(238,30): warning CS8600: Converting null literal or possible null value to non-nullable type. [C:\Users\anvar\source\repos\SpriteEditor\SpriteEditor_tavz5blv_wpftmp.csproj]
C:\Users\anvar\source\repos\SpriteEditor\ViewModels\SpriteSlicerViewModel.cs(239,100): warning CS8604: Possible null reference argument for parameter 'outputDir' in 'void ImageService.SlicePolygons(string sourcePath, IEnumerable<SlicePart> parts, string outputDir)'. [C:\Users\anvar\source\repos\SpriteEditor\SpriteEditor_tavz5blv_wpftmp.csproj]
C:\Users\anvar\source\repos\SpriteEditor\ViewModels\SpriteSlicerViewModel.cs(240,29): warning CS8604: Possible null reference argument for parameter 'path' in 'void SpriteSlicerViewModel.NotifyShell(string path)'. [C:\Users\anvar\source\repos\SpriteEditor\SpriteEditor_tavz5blv_wpftmp.csproj]
C:\Users\anvar\source\repos\SpriteEditor\Data\Story\StoryModels.cs(63,45): warning CS8618: Non-nullable field '_targetVariableName' must contain a non-null value when exiting constructor. Consider adding the 'required' modifier or declaring the field as nullable. [C:\Users\anvar\source\repos\SpriteEditor\SpriteEditor_tavz5blv_wpftmp.csproj]
C:\Users\anvar\source\repos\SpriteEditor\Data\Story\StoryModels.cs(70,45): warning CS8618: Non-nullable field '_value' must contain a non-null value when exiting constructor. Consider adding the 'required' modifier or declaring the field as nullable. [C:\Users\anvar\source\repos\SpriteEditor\SpriteEditor_tavz5blv_wpftmp.csproj]
C:\Users\anvar\source\repos\SpriteEditor\ViewModels\StoryEditorViewModel.cs(78,16): warning CS8618: Non-nullable field '_selectedNode' must contain a non-null value when exiting constructor. Consider adding the 'required' modifier or declaring the field as nullable. [C:\Users\anvar\source\repos\SpriteEditor\SpriteEditor_tavz5blv_wpftmp.csproj]
C:\Users\anvar\source\repos\SpriteEditor\ViewModels\StoryEditorViewModel.cs(78,16): warning CS8618: Non-nullable field '_dragSourceNode' must contain a non-null value when exiting constructor. Consider adding the 'required' modifier or declaring the field as nullable. [C:\Users\anvar\source\repos\SpriteEditor\SpriteEditor_tavz5blv_wpftmp.csproj]
C:\Users\anvar\source\repos\SpriteEditor\ViewModels\StoryEditorViewModel.cs(78,16): warning CS8618: Non-nullable field '_selectedCharacter' must contain a non-null value when exiting constructor. Consider adding the 'required' modifier or declaring the field as nullable. [C:\Users\anvar\source\repos\SpriteEditor\SpriteEditor_tavz5blv_wpftmp.csproj]
C:\Users\anvar\source\repos\SpriteEditor\ViewModels\StoryEditorViewModel.cs(78,16): warning CS8618: Non-nullable field '_selectedPortrait' must contain a non-null value when exiting constructor. Consider adding the 'required' modifier or declaring the field as nullable. [C:\Users\anvar\source\repos\SpriteEditor\SpriteEditor_tavz5blv_wpftmp.csproj]
C:\Users\anvar\source\repos\SpriteEditor\Services\Rigging\AutoWeightService.cs(51,44): warning CS8600: Converting null literal or possible null value to non-nullable type. [C:\Users\anvar\source\repos\SpriteEditor\SpriteEditor_tavz5blv_wpftmp.csproj]
C:\Users\anvar\source\repos\SpriteEditor\Data\Story\StoryModels.cs(47,45): warning CS8618: Non-nullable field '_audioPath' must contain a non-null value when exiting constructor. Consider adding the 'required' modifier or declaring the field as nullable. [C:\Users\anvar\source\repos\SpriteEditor\SpriteEditor_tavz5blv_wpftmp.csproj]
C:\Users\anvar\source\repos\SpriteEditor\ViewModels\StoryEditorViewModel.cs(120,28): warning CS8625: Cannot convert null literal to non-nullable reference type. [C:\Users\anvar\source\repos\SpriteEditor\SpriteEditor_tavz5blv_wpftmp.csproj]
C:\Users\anvar\source\repos\SpriteEditor\Data\Story\StoryModels.cs(33,45): warning CS8618: Non-nullable field '_targetVariableName' must contain a non-null value when exiting constructor. Consider adding the 'required' modifier or declaring the field as nullable. [C:\Users\anvar\source\repos\SpriteEditor\SpriteEditor_tavz5blv_wpftmp.csproj]
C:\Users\anvar\source\repos\SpriteEditor\Data\Story\StoryModels.cs(35,45): warning CS8618: Non-nullable field '_value' must contain a non-null value when exiting constructor. Consider adding the 'required' modifier or declaring the field as nullable. [C:\Users\anvar\source\repos\SpriteEditor\SpriteEditor_tavz5blv_wpftmp.csproj]
C:\Users\anvar\source\repos\SpriteEditor\Views\RiggingView.xaml.cs(93,16): warning CS8618: Non-nullable field '_viewModel' must contain a non-null value when exiting constructor. Consider adding the 'required' modifier or declaring the field as nullable. [C:\Users\anvar\source\repos\SpriteEditor\SpriteEditor_tavz5blv_wpftmp.csproj]
C:\Users\anvar\source\repos\SpriteEditor\Data\SlicePart.cs(15,23): warning CS8618: Non-nullable property 'Name' must contain a non-null value when exiting constructor. Consider adding the 'required' modifier or declaring the property as nullable. [C:\Users\anvar\source\repos\SpriteEditor\SpriteEditor_tavz5blv_wpftmp.csproj]
C:\Users\anvar\source\repos\SpriteEditor\Views\RiggingView.xaml.cs(131,45): warning CS8622: Nullability of reference types in type of parameter 'sender' of 'void RiggingView.ViewModel_RequestRedraw(object sender, EventArgs e)' doesn't match the target delegate 'EventHandler' (possibly because of nullability attributes). [C:\Users\anvar\source\repos\SpriteEditor\SpriteEditor_tavz5blv_wpftmp.csproj]
C:\Users\anvar\source\repos\SpriteEditor\Views\RiggingView.xaml.cs(132,51): warning CS8622: Nullability of reference types in type of parameter 'sender' of 'void RiggingView.ViewModel_RequestCenterCamera(object sender, EventArgs e)' doesn't match the target delegate 'EventHandler' (possibly because of nullability attributes). [C:\Users\anvar\source\repos\SpriteEditor\SpriteEditor_tavz5blv_wpftmp.csproj]
C:\Users\anvar\source\repos\SpriteEditor\Views\RiggingView.xaml.cs(135,26): warning CS8601: Possible null reference assignment. [C:\Users\anvar\source\repos\SpriteEditor\SpriteEditor_tavz5blv_wpftmp.csproj]
C:\Users\anvar\source\repos\SpriteEditor\Views\RiggingView.xaml.cs(140,45): warning CS8622: Nullability of reference types in type of parameter 'sender' of 'void RiggingView.ViewModel_RequestRedraw(object sender, EventArgs e)' doesn't match the target delegate 'EventHandler' (possibly because of nullability attributes). [C:\Users\anvar\source\repos\SpriteEditor\SpriteEditor_tavz5blv_wpftmp.csproj]
C:\Users\anvar\source\repos\SpriteEditor\Views\RiggingView.xaml.cs(141,51): warning CS8622: Nullability of reference types in type of parameter 'sender' of 'void RiggingView.ViewModel_RequestCenterCamera(object sender, EventArgs e)' doesn't match the target delegate 'EventHandler' (possibly because of nullability attributes). [C:\Users\anvar\source\repos\SpriteEditor\SpriteEditor_tavz5blv_wpftmp.csproj]
C:\Users\anvar\source\repos\SpriteEditor\ViewModels\RiggingViewModel.cs(522,36): warning CS8625: Cannot convert null literal to non-nullable reference type. [C:\Users\anvar\source\repos\SpriteEditor\SpriteEditor_tavz5blv_wpftmp.csproj]
C:\Users\anvar\source\repos\SpriteEditor\ViewModels\RiggingViewModel.cs(523,40): warning CS8625: Cannot convert null literal to non-nullable reference type. [C:\Users\anvar\source\repos\SpriteEditor\SpriteEditor_tavz5blv_wpftmp.csproj]
C:\Users\anvar\source\repos\SpriteEditor\ViewModels\SvgToolViewModel.cs(80,85): warning CS8603: Possible null reference return. [C:\Users\anvar\source\repos\SpriteEditor\SpriteEditor_tavz5blv_wpftmp.csproj]
C:\Users\anvar\source\repos\SpriteEditor\ViewModels\SvgToolViewModel.cs(81,76): warning CS8603: Possible null reference return. [C:\Users\anvar\source\repos\SpriteEditor\SpriteEditor_tavz5blv_wpftmp.csproj]
C:\Users\anvar\source\repos\SpriteEditor\ViewModels\StoryPlayerViewModel.cs(41,16): warning CS8618: Non-nullable field '_currentStory' must contain a non-null value when exiting constructor. Consider adding the 'required' modifier or declaring the field as nullable. [C:\Users\anvar\source\repos\SpriteEditor\SpriteEditor_tavz5blv_wpftmp.csproj]
C:\Users\anvar\source\repos\SpriteEditor\ViewModels\StoryPlayerViewModel.cs(41,16): warning CS8618: Non-nullable field '_currentAudioPath' must contain a non-null value when exiting constructor. Consider adding the 'required' modifier or declaring the field as nullable. [C:\Users\anvar\source\repos\SpriteEditor\SpriteEditor_tavz5blv_wpftmp.csproj]
C:\Users\anvar\source\repos\SpriteEditor\ViewModels\StoryPlayerViewModel.cs(41,16): warning CS8618: Non-nullable field '_displayText' must contain a non-null value when exiting constructor. Consider adding the 'required' modifier or declaring the field as nullable. [C:\Users\anvar\source\repos\SpriteEditor\SpriteEditor_tavz5blv_wpftmp.csproj]
C:\Users\anvar\source\repos\SpriteEditor\ViewModels\StoryPlayerViewModel.cs(41,16): warning CS8618: Non-nullable field '_speakerName' must contain a non-null value when exiting constructor. Consider adding the 'required' modifier or declaring the field as nullable. [C:\Users\anvar\source\repos\SpriteEditor\SpriteEditor_tavz5blv_wpftmp.csproj]
C:\Users\anvar\source\repos\SpriteEditor\ViewModels\StoryPlayerViewModel.cs(41,16): warning CS8618: Non-nullable field '_backgroundImage' must contain a non-null value when exiting constructor. Consider adding the 'required' modifier or declaring the field as nullable. [C:\Users\anvar\source\repos\SpriteEditor\SpriteEditor_tavz5blv_wpftmp.csproj]
C:\Users\anvar\source\repos\SpriteEditor\ViewModels\StoryPlayerViewModel.cs(41,16): warning CS8618: Non-nullable field '_characterImage' must contain a non-null value when exiting constructor. Consider adding the 'required' modifier or declaring the field as nullable. [C:\Users\anvar\source\repos\SpriteEditor\SpriteEditor_tavz5blv_wpftmp.csproj]
C:\Users\anvar\source\repos\SpriteEditor\ViewModels\StoryPlayerViewModel.cs(41,16): warning CS8618: Non-nullable field '_portraitLeft' must contain a non-null value when exiting constructor. Consider adding the 'required' modifier or declaring the field as nullable. [C:\Users\anvar\source\repos\SpriteEditor\SpriteEditor_tavz5blv_wpftmp.csproj]
C:\Users\anvar\source\repos\SpriteEditor\ViewModels\StoryPlayerViewModel.cs(41,16): warning CS8618: Non-nullable field '_portraitCenter' must contain a non-null value when exiting constructor. Consider adding the 'required' modifier or declaring the field as nullable. [C:\Users\anvar\source\repos\SpriteEditor\SpriteEditor_tavz5blv_wpftmp.csproj]
C:\Users\anvar\source\repos\SpriteEditor\ViewModels\StoryPlayerViewModel.cs(41,16): warning CS8618: Non-nullable field '_portraitRight' must contain a non-null value when exiting constructor. Consider adding the 'required' modifier or declaring the field as nullable. [C:\Users\anvar\source\repos\SpriteEditor\SpriteEditor_tavz5blv_wpftmp.csproj]
C:\Users\anvar\source\repos\SpriteEditor\ViewModels\StoryPlayerViewModel.cs(41,16): warning CS8618: Non-nullable field '_targetText' must contain a non-null value when exiting constructor. Consider adding the 'required' modifier or declaring the field as nullable. [C:\Users\anvar\source\repos\SpriteEditor\SpriteEditor_tavz5blv_wpftmp.csproj]
C:\Users\anvar\source\repos\SpriteEditor\Views\CustomMessageBox.xaml.cs(74,24): warning CS8603: Possible null reference return. [C:\Users\anvar\source\repos\SpriteEditor\SpriteEditor_tavz5blv_wpftmp.csproj]
C:\Users\anvar\source\repos\SpriteEditor\ViewModels\SvgToolViewModel.cs(116,38): warning CS8602: Dereference of a possibly null reference. [C:\Users\anvar\source\repos\SpriteEditor\SpriteEditor_tavz5blv_wpftmp.csproj]
C:\Users\anvar\source\repos\SpriteEditor\Services\Rigging\AutoWeightService.cs(249,20): warning CS8603: Possible null reference return. [C:\Users\anvar\source\repos\SpriteEditor\SpriteEditor_tavz5blv_wpftmp.csproj]
C:\Users\anvar\source\repos\SpriteEditor\ViewModels\StoryPlayerViewModel.cs(79,96): warning CS0642: Possible mistaken empty statement [C:\Users\anvar\source\repos\SpriteEditor\SpriteEditor_tavz5blv_wpftmp.csproj]
C:\Users\anvar\source\repos\SpriteEditor\ViewModels\StoryPlayerViewModel.cs(80,95): warning CS0642: Possible mistaken empty statement [C:\Users\anvar\source\repos\SpriteEditor\SpriteEditor_tavz5blv_wpftmp.csproj]
C:\Users\anvar\source\repos\SpriteEditor\ViewModels\StoryEditorViewModel.cs(254,73): warning CS8625: Cannot convert null literal to non-nullable reference type. [C:\Users\anvar\source\repos\SpriteEditor\SpriteEditor_tavz5blv_wpftmp.csproj]
C:\Users\anvar\source\repos\SpriteEditor\ViewModels\RiggingViewModel.cs(577,93): warning CS8625: Cannot convert null literal to non-nullable reference type. [C:\Users\anvar\source\repos\SpriteEditor\SpriteEditor_tavz5blv_wpftmp.csproj]
C:\Users\anvar\source\repos\SpriteEditor\ViewModels\RiggingViewModel.cs(594,76): warning CS8600: Converting null literal or possible null value to non-nullable type. [C:\Users\anvar\source\repos\SpriteEditor\SpriteEditor_tavz5blv_wpftmp.csproj]
C:\Users\anvar\source\repos\SpriteEditor\ViewModels\RiggingViewModel.cs(595,82): warning CS8600: Converting null literal or possible null value to non-nullable type. [C:\Users\anvar\source\repos\SpriteEditor\SpriteEditor_tavz5blv_wpftmp.csproj]
C:\Users\anvar\source\repos\SpriteEditor\ViewModels\StoryEditorViewModel.cs(309,31): warning CS8625: Cannot convert null literal to non-nullable reference type. [C:\Users\anvar\source\repos\SpriteEditor\SpriteEditor_tavz5blv_wpftmp.csproj]
C:\Users\anvar\source\repos\SpriteEditor\ViewModels\StoryEditorViewModel.cs(315,31): warning CS8625: Cannot convert null literal to non-nullable reference type. [C:\Users\anvar\source\repos\SpriteEditor\SpriteEditor_tavz5blv_wpftmp.csproj]
C:\Users\anvar\source\repos\SpriteEditor\Views\RiggingView.xaml.cs(199,54): warning CS0618: 'SKPaint.FilterQuality' is obsolete: 'Use SKSamplingOptions instead.' [C:\Users\anvar\source\repos\SpriteEditor\SpriteEditor_tavz5blv_wpftmp.csproj]
C:\Users\anvar\source\repos\SpriteEditor\Views\RiggingView.xaml.cs(199,70): warning CS0618: 'SKFilterQuality' is obsolete: 'Use SKSamplingOptions instead.' [C:\Users\anvar\source\repos\SpriteEditor\SpriteEditor_tavz5blv_wpftmp.csproj]
C:\Users\anvar\source\repos\SpriteEditor\ViewModels\StoryEditorViewModel.cs(334,31): warning CS8601: Possible null reference assignment. [C:\Users\anvar\source\repos\SpriteEditor\SpriteEditor_tavz5blv_wpftmp.csproj]
C:\Users\anvar\source\repos\SpriteEditor\Services\Rigging\AutoWeightService.cs(29,34): warning CS8618: Non-nullable field '_currentTemplate' must contain a non-null value when exiting constructor. Consider adding the 'required' modifier or declaring the field as nullable. [C:\Users\anvar\source\repos\SpriteEditor\SpriteEditor_tavz5blv_wpftmp.csproj]
C:\Users\anvar\source\repos\SpriteEditor\Services\Rigging\PhysicsService.cs(28,16): warning CS8618: Non-nullable field '_draggedJoint' must contain a non-null value when exiting constructor. Consider adding the 'required' modifier or declaring the field as nullable. [C:\Users\anvar\source\repos\SpriteEditor\SpriteEditor_tavz5blv_wpftmp.csproj]
C:\Users\anvar\source\repos\SpriteEditor\ViewModels\StoryEditorViewModel.cs(356,31): warning CS8601: Possible null reference assignment. [C:\Users\anvar\source\repos\SpriteEditor\SpriteEditor_tavz5blv_wpftmp.csproj]
C:\Users\anvar\source\repos\SpriteEditor\Services\Rigging\PhysicsService.cs(175,29): warning CS8625: Cannot convert null literal to non-nullable reference type. [C:\Users\anvar\source\repos\SpriteEditor\SpriteEditor_tavz5blv_wpftmp.csproj]
C:\Users\anvar\source\repos\SpriteEditor\Services\Rigging\TemplateBindingService.cs(279,61): error CS1061: 'KeyValuePair<string, float>' does not contain a definition for 'JointName' and no accessible extension method 'JointName' accepting a first argument of type 'KeyValuePair<string, float>' could be found (are you missing a using directive or an assembly reference?) [C:\Users\anvar\source\repos\SpriteEditor\SpriteEditor_tavz5blv_wpftmp.csproj]
C:\Users\anvar\source\repos\SpriteEditor\Services\Rigging\TemplateBindingService.cs(281,67): error CS1061: 'KeyValuePair<string, float>' does not contain a definition for 'Weight' and no accessible extension method 'Weight' accepting a first argument of type 'KeyValuePair<string, float>' could be found (are you missing a using directive or an assembly reference?) [C:\Users\anvar\source\repos\SpriteEditor\SpriteEditor_tavz5blv_wpftmp.csproj]
C:\Users\anvar\source\repos\SpriteEditor\ViewModels\SvgToolViewModel.cs(235,30): warning CS8600: Converting null literal or possible null value to non-nullable type. [C:\Users\anvar\source\repos\SpriteEditor\SpriteEditor_tavz5blv_wpftmp.csproj]
C:\Users\anvar\source\repos\SpriteEditor\ViewModels\SvgToolViewModel.cs(244,52): warning CS8604: Possible null reference argument for parameter 'path1' in 'string Path.Combine(string path1, string path2)'. [C:\Users\anvar\source\repos\SpriteEditor\SpriteEditor_tavz5blv_wpftmp.csproj]
C:\Users\anvar\source\repos\SpriteEditor\ViewModels\RiggingViewModel.cs(848,46): warning CS8625: Cannot convert null literal to non-nullable reference type. [C:\Users\anvar\source\repos\SpriteEditor\SpriteEditor_tavz5blv_wpftmp.csproj]
C:\Users\anvar\source\repos\SpriteEditor\Services\Rigging\PhysicsService.cs(297,31): warning CS8618: Non-nullable property 'JointA' must contain a non-null value when exiting constructor. Consider adding the 'required' modifier or declaring the property as nullable. [C:\Users\anvar\source\repos\SpriteEditor\SpriteEditor_tavz5blv_wpftmp.csproj]
C:\Users\anvar\source\repos\SpriteEditor\Services\Rigging\PhysicsService.cs(298,31): warning CS8618: Non-nullable property 'JointB' must contain a non-null value when exiting constructor. Consider adding the 'required' modifier or declaring the property as nullable. [C:\Users\anvar\source\repos\SpriteEditor\SpriteEditor_tavz5blv_wpftmp.csproj]
C:\Users\anvar\source\repos\SpriteEditor\ViewModels\RiggingViewModel.cs(944,39): warning CS8600: Converting null literal or possible null value to non-nullable type. [C:\Users\anvar\source\repos\SpriteEditor\SpriteEditor_tavz5blv_wpftmp.csproj]
C:\Users\anvar\source\repos\SpriteEditor\ViewModels\RiggingViewModel.cs(957,20): warning CS8603: Possible null reference return. [C:\Users\anvar\source\repos\SpriteEditor\SpriteEditor_tavz5blv_wpftmp.csproj]
C:\Users\anvar\source\repos\SpriteEditor\ViewModels\RiggingViewModel.cs(961,41): warning CS8600: Converting null literal or possible null value to non-nullable type. [C:\Users\anvar\source\repos\SpriteEditor\SpriteEditor_tavz5blv_wpftmp.csproj]
C:\Users\anvar\source\repos\SpriteEditor\ViewModels\RiggingViewModel.cs(974,20): warning CS8603: Possible null reference return. [C:\Users\anvar\source\repos\SpriteEditor\SpriteEditor_tavz5blv_wpftmp.csproj]
C:\Users\anvar\source\repos\SpriteEditor\ViewModels\SvgToolViewModel.cs(91,93): warning CS8625: Cannot convert null literal to non-nullable reference type. [C:\Users\anvar\source\repos\SpriteEditor\SpriteEditor_tavz5blv_wpftmp.csproj]
C:\Users\anvar\source\repos\SpriteEditor\ViewModels\SvgToolViewModel.cs(104,34): warning CS8625: Cannot convert null literal to non-nullable reference type. [C:\Users\anvar\source\repos\SpriteEditor\SpriteEditor_tavz5blv_wpftmp.csproj]
C:\Users\anvar\source\repos\SpriteEditor\ViewModels\SvgToolViewModel.cs(26,50): warning CS8618: Non-nullable field '_fullSvgPreview' must contain a non-null value when exiting constructor. Consider adding the 'required' modifier or declaring the field as nullable. [C:\Users\anvar\source\repos\SpriteEditor\SpriteEditor_tavz5blv_wpftmp.csproj]
C:\Users\anvar\source\repos\SpriteEditor\ViewModels\SvgToolViewModel.cs(49,96): warning CS8618: Non-nullable field '_rawPathData' must contain a non-null value when exiting constructor. Consider adding the 'required' modifier or declaring the field as nullable. [C:\Users\anvar\source\repos\SpriteEditor\SpriteEditor_tavz5blv_wpftmp.csproj]
C:\Users\anvar\source\repos\SpriteEditor\ViewModels\SvgToolViewModel.cs(63,45): warning CS8618: Non-nullable field '_xamlOutput' must contain a non-null value when exiting constructor. Consider adding the 'required' modifier or declaring the field as nullable. [C:\Users\anvar\source\repos\SpriteEditor\SpriteEditor_tavz5blv_wpftmp.csproj]
C:\Users\anvar\source\repos\SpriteEditor\ViewModels\SvgToolViewModel.cs(64,45): warning CS8618: Non-nullable field '_htmlOutput' must contain a non-null value when exiting constructor. Consider adding the 'required' modifier or declaring the field as nullable. [C:\Users\anvar\source\repos\SpriteEditor\SpriteEditor_tavz5blv_wpftmp.csproj]
C:\Users\anvar\source\repos\SpriteEditor\ViewModels\RiggingViewModel.cs(1120,33): warning CS8625: Cannot convert null literal to non-nullable reference type. [C:\Users\anvar\source\repos\SpriteEditor\SpriteEditor_tavz5blv_wpftmp.csproj]
C:\Users\anvar\source\repos\SpriteEditor\ViewModels\RiggingViewModel.cs(1128,34): warning CS8625: Cannot convert null literal to non-nullable reference type. [C:\Users\anvar\source\repos\SpriteEditor\SpriteEditor_tavz5blv_wpftmp.csproj]
C:\Users\anvar\source\repos\SpriteEditor\ViewModels\RiggingViewModel.cs(1141,29): warning CS8625: Cannot convert null literal to non-nullable reference type. [C:\Users\anvar\source\repos\SpriteEditor\SpriteEditor_tavz5blv_wpftmp.csproj]
C:\Users\anvar\source\repos\SpriteEditor\ViewModels\RiggingViewModel.cs(1148,36): warning CS8625: Cannot convert null literal to non-nullable reference type. [C:\Users\anvar\source\repos\SpriteEditor\SpriteEditor_tavz5blv_wpftmp.csproj]
C:\Users\anvar\source\repos\SpriteEditor\ViewModels\RiggingViewModel.cs(1168,30): warning CS8625: Cannot convert null literal to non-nullable reference type. [C:\Users\anvar\source\repos\SpriteEditor\SpriteEditor_tavz5blv_wpftmp.csproj]
C:\Users\anvar\source\repos\SpriteEditor\ViewModels\RiggingViewModel.cs(1192,29): warning CS8625: Cannot convert null literal to non-nullable reference type. [C:\Users\anvar\source\repos\SpriteEditor\SpriteEditor_tavz5blv_wpftmp.csproj]
C:\Users\anvar\source\repos\SpriteEditor\ViewModels\RiggingViewModel.cs(1196,30): warning CS8625: Cannot convert null literal to non-nullable reference type. [C:\Users\anvar\source\repos\SpriteEditor\SpriteEditor_tavz5blv_wpftmp.csproj]
C:\Users\anvar\source\repos\SpriteEditor\ViewModels\RiggingViewModel.cs(2013,38): warning CS8602: Dereference of a possibly null reference. [C:\Users\anvar\source\repos\SpriteEditor\SpriteEditor_tavz5blv_wpftmp.csproj]
C:\Users\anvar\source\repos\SpriteEditor\ViewModels\RiggingViewModel.cs(2073,39): warning CS8622: Nullability of reference types in type of parameter 'sender' of 'void RiggingViewModel.PhysicsTimer_Tick(object sender, EventArgs e)' doesn't match the target delegate 'EventHandler' (possibly because of nullability attributes). [C:\Users\anvar\source\repos\SpriteEditor\SpriteEditor_tavz5blv_wpftmp.csproj]
C:\Users\anvar\source\repos\SpriteEditor\ViewModels\RiggingViewModel.cs(2084,36): warning CS8625: Cannot convert null literal to non-nullable reference type. [C:\Users\anvar\source\repos\SpriteEditor\SpriteEditor_tavz5blv_wpftmp.csproj]
C:\Users\anvar\source\repos\SpriteEditor\ViewModels\RiggingViewModel.cs(1235,29): warning CS8625: Cannot convert null literal to non-nullable reference type. [C:\Users\anvar\source\repos\SpriteEditor\SpriteEditor_tavz5blv_wpftmp.csproj]
C:\Users\anvar\source\repos\SpriteEditor\ViewModels\RiggingViewModel.cs(1236,30): warning CS8625: Cannot convert null literal to non-nullable reference type. [C:\Users\anvar\source\repos\SpriteEditor\SpriteEditor_tavz5blv_wpftmp.csproj]
C:\Users\anvar\source\repos\SpriteEditor\ViewModels\RiggingViewModel.cs(168,28): warning CS0414: The field 'RiggingViewModel._physicsDraggedJoint' is assigned but its value is never used [C:\Users\anvar\source\repos\SpriteEditor\SpriteEditor_tavz5blv_wpftmp.csproj]

Build FAILED.

C:\Users\anvar\source\repos\SpriteEditor\SpriteEditor.csproj : warning NU1903: Package 'Magick.NET-Q8-AnyCPU' 14.9.1 has a known high severity vulnerability, https://github.com/advisories/GHSA-6hjr-v6g4-3fm8 [C:\Users\anvar\source\repos\SpriteEditor\SpriteEditor.sln]
C:\Users\anvar\source\repos\SpriteEditor\SpriteEditor.csproj : warning NU1701: Package 'OpenTK 3.3.1' was restored using '.NETFramework,Version=v4.6.1, .NETFramework,Version=v4.6.2, .NETFramework,Version=v4.7, .NETFramework,Version=v4.7.1, .NETFramework,Version=v4.7.2, .NETFramework,Version=v4.8, .NETFramework,Version=v4.8.1' instead of the project target framework 'net8.0-windows7.0'. This package may not be fully compatible with your project. [C:\Users\anvar\source\repos\SpriteEditor\SpriteEditor.sln]
C:\Users\anvar\source\repos\SpriteEditor\SpriteEditor.csproj : warning NU1701: Package 'OpenTK.GLWpfControl 3.3.0' was restored using '.NETFramework,Version=v4.6.1, .NETFramework,Version=v4.6.2, .NETFramework,Version=v4.7, .NETFramework,Version=v4.7.1, .NETFramework,Version=v4.7.2, .NETFramework,Version=v4.8, .NETFramework,Version=v4.8.1' instead of the project target framework 'net8.0-windows7.0'. This package may not be fully compatible with your project. [C:\Users\anvar\source\repos\SpriteEditor\SpriteEditor.sln]
C:\Users\anvar\source\repos\SpriteEditor\SpriteEditor.csproj : warning NU1701: Package 'SkiaSharp.Views.WPF 3.119.1' was restored using '.NETFramework,Version=v4.6.1, .NETFramework,Version=v4.6.2, .NETFramework,Version=v4.7, .NETFramework,Version=v4.7.1, .NETFramework,Version=v4.7.2, .NETFramework,Version=v4.8, .NETFramework,Version=v4.8.1' instead of the project target framework 'net8.0-windows7.0'. This package may not be fully compatible with your project. [C:\Users\anvar\source\repos\SpriteEditor\SpriteEditor.sln]
C:\Users\anvar\source\repos\SpriteEditor\SpriteEditor.csproj : warning NU1903: Package 'Magick.NET-Q8-AnyCPU' 14.9.1 has a known high severity vulnerability, https://github.com/advisories/GHSA-6hjr-v6g4-3fm8
C:\Users\anvar\source\repos\SpriteEditor\SpriteEditor.csproj : warning NU1701: Package 'OpenTK 3.3.1' was restored using '.NETFramework,Version=v4.6.1, .NETFramework,Version=v4.6.2, .NETFramework,Version=v4.7, .NETFramework,Version=v4.7.1, .NETFramework,Version=v4.7.2, .NETFramework,Version=v4.8, .NETFramework,Version=v4.8.1' instead of the project target framework 'net8.0-windows7.0'. This package may not be fully compatible with your project.
C:\Users\anvar\source\repos\SpriteEditor\SpriteEditor.csproj : warning NU1701: Package 'OpenTK.GLWpfControl 3.3.0' was restored using '.NETFramework,Version=v4.6.1, .NETFramework,Version=v4.6.2, .NETFramework,Version=v4.7, .NETFramework,Version=v4.7.1, .NETFramework,Version=v4.7.2, .NETFramework,Version=v4.8, .NETFramework,Version=v4.8.1' instead of the project target framework 'net8.0-windows7.0'. This package may not be fully compatible with your project.
C:\Users\anvar\source\repos\SpriteEditor\SpriteEditor.csproj : warning NU1701: Package 'SkiaSharp.Views.WPF 3.119.1' was restored using '.NETFramework,Version=v4.6.1, .NETFramework,Version=v4.6.2, .NETFramework,Version=v4.7, .NETFramework,Version=v4.7.1, .NETFramework,Version=v4.7.2, .NETFramework,Version=v4.8, .NETFramework,Version=v4.8.1' instead of the project target framework 'net8.0-windows7.0'. This package may not be fully compatible with your project.
C:\Users\anvar\source\repos\SpriteEditor\SpriteEditor_tavz5blv_wpftmp.csproj : warning NU1903: Package 'Magick.NET-Q8-AnyCPU' 14.9.1 has a known high severity vulnerability, https://github.com/advisories/GHSA-6hjr-v6g4-3fm8
C:\Users\anvar\source\repos\SpriteEditor\SpriteEditor_tavz5blv_wpftmp.csproj : warning NU1701: Package 'OpenTK 3.3.1' was restored using '.NETFramework,Version=v4.6.1, .NETFramework,Version=v4.6.2, .NETFramework,Version=v4.7, .NETFramework,Version=v4.7.1, .NETFramework,Version=v4.7.2, .NETFramework,Version=v4.8, .NETFramework,Version=v4.8.1' instead of the project target framework 'net8.0-windows7.0'. This package may not be fully compatible with your project.
C:\Users\anvar\source\repos\SpriteEditor\SpriteEditor_tavz5blv_wpftmp.csproj : warning NU1701: Package 'OpenTK.GLWpfControl 3.3.0' was restored using '.NETFramework,Version=v4.6.1, .NETFramework,Version=v4.6.2, .NETFramework,Version=v4.7, .NETFramework,Version=v4.7.1, .NETFramework,Version=v4.7.2, .NETFramework,Version=v4.8, .NETFramework,Version=v4.8.1' instead of the project target framework 'net8.0-windows7.0'. This package may not be fully compatible with your project.
C:\Users\anvar\source\repos\SpriteEditor\SpriteEditor_tavz5blv_wpftmp.csproj : warning NU1701: Package 'SkiaSharp.Views.WPF 3.119.1' was restored using '.NETFramework,Version=v4.6.1, .NETFramework,Version=v4.6.2, .NETFramework,Version=v4.7, .NETFramework,Version=v4.7.1, .NETFramework,Version=v4.7.2, .NETFramework,Version=v4.8, .NETFramework,Version=v4.8.1' instead of the project target framework 'net8.0-windows7.0'. This package may not be fully compatible with your project.
C:\Users\anvar\source\repos\SpriteEditor\Services\TexturePackerService.cs(14,7): warning CS0105: The using directive for 'System.IO' appeared previously in this namespace [C:\Users\anvar\source\repos\SpriteEditor\SpriteEditor_tavz5blv_wpftmp.csproj]
C:\Users\anvar\source\repos\SpriteEditor\Services\TexturePackerService.cs(17,7): warning CS0105: The using directive for 'SixLabors.ImageSharp' appeared previously in this namespace [C:\Users\anvar\source\repos\SpriteEditor\SpriteEditor_tavz5blv_wpftmp.csproj]
C:\Users\anvar\source\repos\SpriteEditor\Services\TexturePackerService.cs(18,7): warning CS0105: The using directive for 'SixLabors.ImageSharp.PixelFormats' appeared previously in this namespace [C:\Users\anvar\source\repos\SpriteEditor\SpriteEditor_tavz5blv_wpftmp.csproj]
C:\Users\anvar\source\repos\SpriteEditor\Services\TexturePackerService.cs(19,7): warning CS0105: The using directive for 'SixLabors.ImageSharp.Processing' appeared previously in this namespace [C:\Users\anvar\source\repos\SpriteEditor\SpriteEditor_tavz5blv_wpftmp.csproj]
C:\Users\anvar\source\repos\SpriteEditor\Services\TexturePackerService.cs(20,7): warning CS0105: The using directive for 'SpriteEditor.Data' appeared previously in this namespace [C:\Users\anvar\source\repos\SpriteEditor\SpriteEditor_tavz5blv_wpftmp.csproj]
C:\Users\anvar\source\repos\SpriteEditor\Services\Rigging\AutoWeightService.cs(39,41): warning CS8625: Cannot convert null literal to non-nullable reference type. [C:\Users\anvar\source\repos\SpriteEditor\SpriteEditor_tavz5blv_wpftmp.csproj]
C:\Users\anvar\source\repos\SpriteEditor\Views\Controls\TemplateOverlayCanvas.cs(19,51): warning CS0108: 'TemplateOverlayCanvas.TemplateProperty' hides inherited member 'Control.TemplateProperty'. Use the new keyword if hiding was intended. [C:\Users\anvar\source\repos\SpriteEditor\SpriteEditor_tavz5blv_wpftmp.csproj]
C:\Users\anvar\source\repos\SpriteEditor\Views\Controls\TemplateOverlayCanvas.cs(31,28): warning CS0108: 'TemplateOverlayCanvas.Template' hides inherited member 'Control.Template'. Use the new keyword if hiding was intended. [C:\Users\anvar\source\repos\SpriteEditor\SpriteEditor_tavz5blv_wpftmp.csproj]
C:\Users\anvar\source\repos\SpriteEditor\ViewModels\JointModel.cs(51,73): warning CS8625: Cannot convert null literal to non-nullable reference type. [C:\Users\anvar\source\repos\SpriteEditor\SpriteEditor_tavz5blv_wpftmp.csproj]
C:\Users\anvar\source\repos\SpriteEditor\Data\AnimationData.cs(25,23): warning CS8618: Non-nullable property 'PropertyName' must contain a non-null value when exiting constructor. Consider adding the 'required' modifier or declaring the property as nullable. [C:\Users\anvar\source\repos\SpriteEditor\SpriteEditor_tavz5blv_wpftmp.csproj]
C:\Users\anvar\source\repos\SpriteEditor\Converters\EnumToBooleanConverter.cs(18,32): warning CS8600: Converting null literal or possible null value to non-nullable type. [C:\Users\anvar\source\repos\SpriteEditor\SpriteEditor_tavz5blv_wpftmp.csproj]
C:\Users\anvar\source\repos\SpriteEditor\Converters\EnumToBooleanConverter.cs(19,34): warning CS8600: Converting null literal or possible null value to non-nullable type. [C:\Users\anvar\source\repos\SpriteEditor\SpriteEditor_tavz5blv_wpftmp.csproj]
C:\Users\anvar\source\repos\SpriteEditor\Converters\EnumToBooleanConverter.cs(20,20): warning CS8602: Dereference of a possibly null reference. [C:\Users\anvar\source\repos\SpriteEditor\SpriteEditor_tavz5blv_wpftmp.csproj]
C:\Users\anvar\source\repos\SpriteEditor\Converters\EnumToVisibilityConverter.cs(19,32): warning CS8600: Converting null literal or possible null value to non-nullable type. [C:\Users\anvar\source\repos\SpriteEditor\SpriteEditor_tavz5blv_wpftmp.csproj]
C:\Users\anvar\source\repos\SpriteEditor\Converters\EnumToVisibilityConverter.cs(20,34): warning CS8600: Converting null literal or possible null value to non-nullable type. [C:\Users\anvar\source\repos\SpriteEditor\SpriteEditor_tavz5blv_wpftmp.csproj]
C:\Users\anvar\source\repos\SpriteEditor\Converters\EnumToVisibilityConverter.cs(22,17): warning CS8602: Dereference of a possibly null reference. [C:\Users\anvar\source\repos\SpriteEditor\SpriteEditor_tavz5blv_wpftmp.csproj]
C:\Users\anvar\source\repos\SpriteEditor\Converters\EnumToBooleanConverter.cs(26,24): warning CS8603: Possible null reference return. [C:\Users\anvar\source\repos\SpriteEditor\SpriteEditor_tavz5blv_wpftmp.csproj]
C:\Users\anvar\source\repos\SpriteEditor\Converters\EnumToBooleanConverter.cs(29,34): warning CS8600: Converting null literal or possible null value to non-nullable type. [C:\Users\anvar\source\repos\SpriteEditor\SpriteEditor_tavz5blv_wpftmp.csproj]
C:\Users\anvar\source\repos\SpriteEditor\Converters\EnumToBooleanConverter.cs(31,47): warning CS8604: Possible null reference argument for parameter 'value' in 'object Enum.Parse(Type enumType, string value)'. [C:\Users\anvar\source\repos\SpriteEditor\SpriteEditor_tavz5blv_wpftmp.csproj]
C:\Users\anvar\source\repos\SpriteEditor\Data\FrameData.cs(12,23): warning CS8618: Non-nullable property 'FilePath' must contain a non-null value when exiting constructor. Consider adding the 'required' modifier or declaring the property as nullable. [C:\Users\anvar\source\repos\SpriteEditor\SpriteEditor_tavz5blv_wpftmp.csproj]
C:\Users\anvar\source\repos\SpriteEditor\Data\FrameData.cs(13,28): warning CS8618: Non-nullable property 'ImageSource' must contain a non-null value when exiting constructor. Consider adding the 'required' modifier or declaring the property as nullable. [C:\Users\anvar\source\repos\SpriteEditor\SpriteEditor_tavz5blv_wpftmp.csproj]
C:\Users\anvar\source\repos\SpriteEditor\Data\FrameData.cs(14,23): warning CS8618: Non-nullable property 'Name' must contain a non-null value when exiting constructor. Consider adding the 'required' modifier or declaring the property as nullable. [C:\Users\anvar\source\repos\SpriteEditor\SpriteEditor_tavz5blv_wpftmp.csproj]
C:\Users\anvar\source\repos\SpriteEditor\Data\JoinData.cs(34,23): warning CS8618: Non-nullable property 'Name' must contain a non-null value when exiting constructor. Consider adding the 'required' modifier or declaring the property as nullable. [C:\Users\anvar\source\repos\SpriteEditor\SpriteEditor_tavz5blv_wpftmp.csproj]
C:\Users\anvar\source\repos\SpriteEditor\Views\TemplateRiggingView.xaml.cs(15,55): warning CS8603: Possible null reference return. [C:\Users\anvar\source\repos\SpriteEditor\SpriteEditor_tavz5blv_wpftmp.csproj]
C:\Users\anvar\source\repos\SpriteEditor\Converters\VariableTypeToVisibilityConverter.cs(28,38): warning CS8600: Converting null literal or possible null value to non-nullable type. [C:\Users\anvar\source\repos\SpriteEditor\SpriteEditor_tavz5blv_wpftmp.csproj]
C:\Users\anvar\source\repos\SpriteEditor\Converters\VariableTypeToVisibilityConverter.cs(42,36): warning CS8600: Converting null literal or possible null value to non-nullable type. [C:\Users\anvar\source\repos\SpriteEditor\SpriteEditor_tavz5blv_wpftmp.csproj]
C:\Users\anvar\source\repos\SpriteEditor\App.xaml.cs(47,31): warning CS8600: Converting null literal or possible null value to non-nullable type. [C:\Users\anvar\source\repos\SpriteEditor\SpriteEditor_tavz5blv_wpftmp.csproj]
C:\Users\anvar\source\repos\SpriteEditor\App.xaml.cs(50,42): warning CS8604: Possible null reference argument for parameter 'format' in 'string string.Format(string format, params object?[] args)'. [C:\Users\anvar\source\repos\SpriteEditor\SpriteEditor_tavz5blv_wpftmp.csproj]
C:\Users\anvar\source\repos\SpriteEditor\App.xaml.cs(52,24): warning CS8603: Possible null reference return. [C:\Users\anvar\source\repos\SpriteEditor\SpriteEditor_tavz5blv_wpftmp.csproj]
C:\Users\anvar\source\repos\SpriteEditor\Helpers\UndoRedo\UndoRedoManager.cs(23,17): warning CS8618: Non-nullable event 'StacksChanged' must contain a non-null value when exiting constructor. Consider adding the 'required' modifier or declaring the event as nullable. [C:\Users\anvar\source\repos\SpriteEditor\SpriteEditor_tavz5blv_wpftmp.csproj]
C:\Users\anvar\source\repos\SpriteEditor\ViewModels\TexturePackerViewModel.cs(59,16): warning CS8618: Non-nullable field '_previewAtlas' must contain a non-null value when exiting constructor. Consider adding the 'required' modifier or declaring the field as nullable. [C:\Users\anvar\source\repos\SpriteEditor\SpriteEditor_tavz5blv_wpftmp.csproj]
C:\Users\anvar\source\repos\SpriteEditor\ViewModels\TexturePackerViewModel.cs(59,16): warning CS8618: Non-nullable field '_generatedAtlasBytes' must contain a non-null value when exiting constructor. Consider adding the 'required' modifier or declaring the field as nullable. [C:\Users\anvar\source\repos\SpriteEditor\SpriteEditor_tavz5blv_wpftmp.csproj]
C:\Users\anvar\source\repos\SpriteEditor\ViewModels\TexturePackerViewModel.cs(59,16): warning CS8618: Non-nullable field '_generatedMap' must contain a non-null value when exiting constructor. Consider adding the 'required' modifier or declaring the field as nullable. [C:\Users\anvar\source\repos\SpriteEditor\SpriteEditor_tavz5blv_wpftmp.csproj]
C:\Users\anvar\source\repos\SpriteEditor\ViewModels\TexturePackerViewModel.cs(96,28): warning CS8625: Cannot convert null literal to non-nullable reference type. [C:\Users\anvar\source\repos\SpriteEditor\SpriteEditor_tavz5blv_wpftmp.csproj]
C:\Users\anvar\source\repos\SpriteEditor\ViewModels\BackgroundEraserViewModel.cs(167,16): warning CS8618: Non-nullable field '_loadedImageSource' must contain a non-null value when exiting constructor. Consider adding the 'required' modifier or declaring the field as nullable. [C:\Users\anvar\source\repos\SpriteEditor\SpriteEditor_tavz5blv_wpftmp.csproj]
C:\Users\anvar\source\repos\SpriteEditor\ViewModels\BackgroundEraserViewModel.cs(167,16): warning CS8618: Non-nullable field '_loadedImagePath' must contain a non-null value when exiting constructor. Consider adding the 'required' modifier or declaring the field as nullable. [C:\Users\anvar\source\repos\SpriteEditor\SpriteEditor_tavz5blv_wpftmp.csproj]
C:\Users\anvar\source\repos\SpriteEditor\ViewModels\BackgroundEraserViewModel.cs(167,16): warning CS8618: Non-nullable field '_previewImageSource' must contain a non-null value when exiting constructor. Consider adding the 'required' modifier or declaring the field as nullable. [C:\Users\anvar\source\repos\SpriteEditor\SpriteEditor_tavz5blv_wpftmp.csproj]
C:\Users\anvar\source\repos\SpriteEditor\ViewModels\BackgroundEraserViewModel.cs(167,16): warning CS8618: Non-nullable field '_lastProcessedData' must contain a non-null value when exiting constructor. Consider adding the 'required' modifier or declaring the field as nullable. [C:\Users\anvar\source\repos\SpriteEditor\SpriteEditor_tavz5blv_wpftmp.csproj]
C:\Users\anvar\source\repos\SpriteEditor\Converters\VariableTypeToOperationsConverter.cs(20,24): warning CS8603: Possible null reference return. [C:\Users\anvar\source\repos\SpriteEditor\SpriteEditor_tavz5blv_wpftmp.csproj]
C:\Users\anvar\source\repos\SpriteEditor\Converters\VariableTypeToOperationsConverter.cs(22,30): warning CS8600: Converting null literal or possible null value to non-nullable type. [C:\Users\anvar\source\repos\SpriteEditor\SpriteEditor_tavz5blv_wpftmp.csproj]
C:\Users\anvar\source\repos\SpriteEditor\Converters\VariableTypeToOperationsConverter.cs(25,43): warning CS8603: Possible null reference return. [C:\Users\anvar\source\repos\SpriteEditor\SpriteEditor_tavz5blv_wpftmp.csproj]
C:\Users\anvar\source\repos\SpriteEditor\ViewModels\BackgroundEraserViewModel.cs(209,42): warning CS8625: Cannot convert null literal to non-nullable reference type. [C:\Users\anvar\source\repos\SpriteEditor\SpriteEditor_tavz5blv_wpftmp.csproj]
C:\Users\anvar\source\repos\SpriteEditor\ViewModels\BackgroundEraserViewModel.cs(210,41): warning CS8625: Cannot convert null literal to non-nullable reference type. [C:\Users\anvar\source\repos\SpriteEditor\SpriteEditor_tavz5blv_wpftmp.csproj]
C:\Users\anvar\source\repos\SpriteEditor\Helpers\UndoRedo\UndoRedoManager.cs(20,40): warning CS8618: Non-nullable field '_instance' must contain a non-null value when exiting constructor. Consider adding the 'required' modifier or declaring the field as nullable. [C:\Users\anvar\source\repos\SpriteEditor\SpriteEditor_tavz5blv_wpftmp.csproj]
C:\Users\anvar\source\repos\SpriteEditor\Data\PackedSprite.cs(11,23): warning CS8618: Non-nullable property 'Name' must contain a non-null value when exiting constructor. Consider adding the 'required' modifier or declaring the property as nullable. [C:\Users\anvar\source\repos\SpriteEditor\SpriteEditor_tavz5blv_wpftmp.csproj]
C:\Users\anvar\source\repos\SpriteEditor\Data\PackedSprite.cs(12,23): warning CS8618: Non-nullable property 'FilePath' must contain a non-null value when exiting constructor. Consider adding the 'required' modifier or declaring the property as nullable. [C:\Users\anvar\source\repos\SpriteEditor\SpriteEditor_tavz5blv_wpftmp.csproj]
C:\Users\anvar\source\repos\SpriteEditor\ViewModels\BackgroundEraserViewModel.cs(244,38): warning CS8625: Cannot convert null literal to non-nullable reference type. [C:\Users\anvar\source\repos\SpriteEditor\SpriteEditor_tavz5blv_wpftmp.csproj]
C:\Users\anvar\source\repos\SpriteEditor\ViewModels\BackgroundEraserViewModel.cs(245,37): warning CS8625: Cannot convert null literal to non-nullable reference type. [C:\Users\anvar\source\repos\SpriteEditor\SpriteEditor_tavz5blv_wpftmp.csproj]
C:\Users\anvar\source\repos\SpriteEditor\Helpers\GlobalErrorHandler.cs(191,33): warning CS8600: Converting null literal or possible null value to non-nullable type. [C:\Users\anvar\source\repos\SpriteEditor\SpriteEditor_tavz5blv_wpftmp.csproj]
C:\Users\anvar\source\repos\SpriteEditor\Helpers\GlobalErrorHandler.cs(14,31): warning CS8618: Non-nullable field '_logFilePath' must contain a non-null value when exiting constructor. Consider adding the 'required' modifier or declaring the field as nullable. [C:\Users\anvar\source\repos\SpriteEditor\SpriteEditor_tavz5blv_wpftmp.csproj]
C:\Users\anvar\source\repos\SpriteEditor\Data\RigData.cs(27,16): warning CS8618: Non-nullable property 'ImageFileName' must contain a non-null value when exiting constructor. Consider adding the 'required' modifier or declaring the property as nullable. [C:\Users\anvar\source\repos\SpriteEditor\SpriteEditor_tavz5blv_wpftmp.csproj]
C:\Users\anvar\source\repos\SpriteEditor\ViewModels\BackgroundEraserViewModel.cs(271,33): warning CS8625: Cannot convert null literal to non-nullable reference type. [C:\Users\anvar\source\repos\SpriteEditor\SpriteEditor_tavz5blv_wpftmp.csproj]
C:\Users\anvar\source\repos\SpriteEditor\ViewModels\BackgroundEraserViewModel.cs(279,37): warning CS8600: Converting null literal or possible null value to non-nullable type. [C:\Users\anvar\source\repos\SpriteEditor\SpriteEditor_tavz5blv_wpftmp.csproj]
C:\Users\anvar\source\repos\SpriteEditor\MainWindow.xaml.cs(136,18): warning CS8602: Dereference of a possibly null reference. [C:\Users\anvar\source\repos\SpriteEditor\SpriteEditor_tavz5blv_wpftmp.csproj]
C:\Users\anvar\source\repos\SpriteEditor\Data\Story\StoryModels.cs(251,45): warning CS8618: Non-nullable field '_characterId' must contain a non-null value when exiting constructor. Consider adding the 'required' modifier or declaring the field as nullable. [C:\Users\anvar\source\repos\SpriteEditor\SpriteEditor_tavz5blv_wpftmp.csproj]
C:\Users\anvar\source\repos\SpriteEditor\ViewModels\BackgroundEraserViewModel.cs(392,38): warning CS8625: Cannot convert null literal to non-nullable reference type. [C:\Users\anvar\source\repos\SpriteEditor\SpriteEditor_tavz5blv_wpftmp.csproj]
C:\Users\anvar\source\repos\SpriteEditor\ViewModels\BackgroundEraserViewModel.cs(393,37): warning CS8625: Cannot convert null literal to non-nullable reference type. [C:\Users\anvar\source\repos\SpriteEditor\SpriteEditor_tavz5blv_wpftmp.csproj]
C:\Users\anvar\source\repos\SpriteEditor\ViewModels\FrameAnimatorViewModel.cs(56,16): warning CS8618: Non-nullable field '_currentFrame' must contain a non-null value when exiting constructor. Consider adding the 'required' modifier or declaring the field as nullable. [C:\Users\anvar\source\repos\SpriteEditor\SpriteEditor_tavz5blv_wpftmp.csproj]
C:\Users\anvar\source\repos\SpriteEditor\Views\TemplateRiggingView.xaml.cs(256,29): warning CS0618: 'SKPaint.TextSize' is obsolete: 'Use SKFont.Size instead.' [C:\Users\anvar\source\repos\SpriteEditor\SpriteEditor_tavz5blv_wpftmp.csproj]
C:\Users\anvar\source\repos\SpriteEditor\Views\TemplateRiggingView.xaml.cs(259,25): warning CS0618: 'SKCanvas.DrawText(string, float, float, SKPaint)' is obsolete: 'Use DrawText(string text, float x, float y, SKTextAlign textAlign, SKFont font, SKPaint paint) instead.' [C:\Users\anvar\source\repos\SpriteEditor\SpriteEditor_tavz5blv_wpftmp.csproj]
C:\Users\anvar\source\repos\SpriteEditor\ViewModels\FormatConverterViewModel.cs(105,16): warning CS8618: Non-nullable field '_sourcePath' must contain a non-null value when exiting constructor. Consider adding the 'required' modifier or declaring the field as nullable. [C:\Users\anvar\source\repos\SpriteEditor\SpriteEditor_tavz5blv_wpftmp.csproj]
C:\Users\anvar\source\repos\SpriteEditor\ViewModels\FormatConverterViewModel.cs(105,16): warning CS8618: Non-nullable field '_previewSource' must contain a non-null value when exiting constructor. Consider adding the 'required' modifier or declaring the field as nullable. [C:\Users\anvar\source\repos\SpriteEditor\SpriteEditor_tavz5blv_wpftmp.csproj]
C:\Users\anvar\source\repos\SpriteEditor\ViewModels\TemplateRiggingViewModel.cs(72,46): warning CS8625: Cannot convert null literal to non-nullable reference type. [C:\Users\anvar\source\repos\SpriteEditor\SpriteEditor_tavz5blv_wpftmp.csproj]
C:\Users\anvar\source\repos\SpriteEditor\ViewModels\TemplateRiggingViewModel.cs(127,35): warning CS8622: Nullability of reference types in type of parameter 'sender' of 'void TemplateRiggingViewModel.PhysicsTimer_Tick(object sender, EventArgs e)' doesn't match the target delegate 'EventHandler' (possibly because of nullability attributes). [C:\Users\anvar\source\repos\SpriteEditor\SpriteEditor_tavz5blv_wpftmp.csproj]
C:\Users\anvar\source\repos\SpriteEditor\ViewModels\TemplateRiggingViewModel.cs(119,16): warning CS8618: Non-nullable field '_loadedSprite' must contain a non-null value when exiting constructor. Consider adding the 'required' modifier or declaring the field as nullable. [C:\Users\anvar\source\repos\SpriteEditor\SpriteEditor_tavz5blv_wpftmp.csproj]
C:\Users\anvar\source\repos\SpriteEditor\ViewModels\TemplateRiggingViewModel.cs(119,16): warning CS8618: Non-nullable field '_loadedSpritePath' must contain a non-null value when exiting constructor. Consider adding the 'required' modifier or declaring the field as nullable. [C:\Users\anvar\source\repos\SpriteEditor\SpriteEditor_tavz5blv_wpftmp.csproj]
C:\Users\anvar\source\repos\SpriteEditor\ViewModels\TemplateRiggingViewModel.cs(119,16): warning CS8618: Non-nullable field '_selectedTemplate' must contain a non-null value when exiting constructor. Consider adding the 'required' modifier or declaring the field as nullable. [C:\Users\anvar\source\repos\SpriteEditor\SpriteEditor_tavz5blv_wpftmp.csproj]
C:\Users\anvar\source\repos\SpriteEditor\ViewModels\TemplateRiggingViewModel.cs(119,16): warning CS8618: Non-nullable field '_selectedOverlayJoint' must contain a non-null value when exiting constructor. Consider adding the 'required' modifier or declaring the field as nullable. [C:\Users\anvar\source\repos\SpriteEditor\SpriteEditor_tavz5blv_wpftmp.csproj]
C:\Users\anvar\source\repos\SpriteEditor\ViewModels\TemplateRiggingViewModel.cs(119,16): warning CS8618: Non-nullable field '_draggedJoint' must contain a non-null value when exiting constructor. Consider adding the 'required' modifier or declaring the field as nullable. [C:\Users\anvar\source\repos\SpriteEditor\SpriteEditor_tavz5blv_wpftmp.csproj]
C:\Users\anvar\source\repos\SpriteEditor\ViewModels\TemplateRiggingViewModel.cs(119,16): warning CS8618: Non-nullable event 'RequestRedraw' must contain a non-null value when exiting constructor. Consider adding the 'required' modifier or declaring the event as nullable. [C:\Users\anvar\source\repos\SpriteEditor\SpriteEditor_tavz5blv_wpftmp.csproj]
C:\Users\anvar\source\repos\SpriteEditor\ViewModels\FormatConverterViewModel.cs(187,33): warning CS8625: Cannot convert null literal to non-nullable reference type. [C:\Users\anvar\source\repos\SpriteEditor\SpriteEditor_tavz5blv_wpftmp.csproj]
C:\Users\anvar\source\repos\SpriteEditor\Data\Story\StoryModels.cs(239,45): warning CS8618: Non-nullable field '_characterId' must contain a non-null value when exiting constructor. Consider adding the 'required' modifier or declaring the field as nullable. [C:\Users\anvar\source\repos\SpriteEditor\SpriteEditor_tavz5blv_wpftmp.csproj]
C:\Users\anvar\source\repos\SpriteEditor\Data\RigTemplate.cs(38,16): warning CS8618: Non-nullable property 'Name' must contain a non-null value when exiting constructor. Consider adding the 'required' modifier or declaring the property as nullable. [C:\Users\anvar\source\repos\SpriteEditor\SpriteEditor_tavz5blv_wpftmp.csproj]
C:\Users\anvar\source\repos\SpriteEditor\Data\RigTemplate.cs(38,16): warning CS8618: Non-nullable property 'Category' must contain a non-null value when exiting constructor. Consider adding the 'required' modifier or declaring the property as nullable. [C:\Users\anvar\source\repos\SpriteEditor\SpriteEditor_tavz5blv_wpftmp.csproj]
C:\Users\anvar\source\repos\SpriteEditor\Data\RigTemplate.cs(38,16): warning CS8618: Non-nullable property 'Description' must contain a non-null value when exiting constructor. Consider adding the 'required' modifier or declaring the property as nullable. [C:\Users\anvar\source\repos\SpriteEditor\SpriteEditor_tavz5blv_wpftmp.csproj]
C:\Users\anvar\source\repos\SpriteEditor\Data\RigTemplate.cs(38,16): warning CS8618: Non-nullable property 'Mesh' must contain a non-null value when exiting constructor. Consider adding the 'required' modifier or declaring the property as nullable. [C:\Users\anvar\source\repos\SpriteEditor\SpriteEditor_tavz5blv_wpftmp.csproj]
C:\Users\anvar\source\repos\SpriteEditor\ViewModels\BackgroundEraserViewModel.cs(544,39): warning CS8600: Converting null literal or possible null value to non-nullable type. [C:\Users\anvar\source\repos\SpriteEditor\SpriteEditor_tavz5blv_wpftmp.csproj]
C:\Users\anvar\source\repos\SpriteEditor\ViewModels\BackgroundEraserViewModel.cs(556,49): warning CS8600: Converting null literal or possible null value to non-nullable type. [C:\Users\anvar\source\repos\SpriteEditor\SpriteEditor_tavz5blv_wpftmp.csproj]
C:\Users\anvar\source\repos\SpriteEditor\ViewModels\BackgroundEraserViewModel.cs(569,62): warning CS8604: Possible null reference argument for parameter 'path1' in 'string Path.Combine(string path1, string path2)'. [C:\Users\anvar\source\repos\SpriteEditor\SpriteEditor_tavz5blv_wpftmp.csproj]
C:\Users\anvar\source\repos\SpriteEditor\ViewModels\BackgroundEraserViewModel.cs(570,60): warning CS8604: Possible null reference argument for parameter 'bytes' in 'void File.WriteAllBytes(string path, byte[] bytes)'. [C:\Users\anvar\source\repos\SpriteEditor\SpriteEditor_tavz5blv_wpftmp.csproj]
C:\Users\anvar\source\repos\SpriteEditor\ViewModels\BackgroundEraserViewModel.cs(606,36): warning CS8603: Possible null reference return. [C:\Users\anvar\source\repos\SpriteEditor\SpriteEditor_tavz5blv_wpftmp.csproj]
C:\Users\anvar\source\repos\SpriteEditor\ViewModels\BackgroundEraserViewModel.cs(620,24): warning CS8603: Possible null reference return. [C:\Users\anvar\source\repos\SpriteEditor\SpriteEditor_tavz5blv_wpftmp.csproj]
C:\Users\anvar\source\repos\SpriteEditor\ViewModels\TemplateRiggingViewModel.cs(321,29): warning CS8625: Cannot convert null literal to non-nullable reference type. [C:\Users\anvar\source\repos\SpriteEditor\SpriteEditor_tavz5blv_wpftmp.csproj]
C:\Users\anvar\source\repos\SpriteEditor\ViewModels\TemplateRiggingViewModel.cs(350,32): warning CS8625: Cannot convert null literal to non-nullable reference type. [C:\Users\anvar\source\repos\SpriteEditor\SpriteEditor_tavz5blv_wpftmp.csproj]
C:\Users\anvar\source\repos\SpriteEditor\Views\StoryPlayerWindow.xaml.cs(27,29): warning CS8622: Nullability of reference types in type of parameter 'sender' of 'void StoryPlayerWindow.StoryPlayerWindow_Closing(object sender, CancelEventArgs e)' doesn't match the target delegate 'CancelEventHandler' (possibly because of nullability attributes). [C:\Users\anvar\source\repos\SpriteEditor\SpriteEditor_tavz5blv_wpftmp.csproj]
C:\Users\anvar\source\repos\SpriteEditor\Data\RigTemplate.cs(53,23): warning CS8618: Non-nullable property 'Name' must contain a non-null value when exiting constructor. Consider adding the 'required' modifier or declaring the property as nullable. [C:\Users\anvar\source\repos\SpriteEditor\SpriteEditor_tavz5blv_wpftmp.csproj]
C:\Users\anvar\source\repos\SpriteEditor\Data\RigTemplate.cs(65,23): warning CS8618: Non-nullable property 'ParentName' must contain a non-null value when exiting constructor. Consider adding the 'required' modifier or declaring the property as nullable. [C:\Users\anvar\source\repos\SpriteEditor\SpriteEditor_tavz5blv_wpftmp.csproj]
C:\Users\anvar\source\repos\SpriteEditor\Data\RigTemplate.cs(70,23): warning CS8618: Non-nullable property 'RegionName' must contain a non-null value when exiting constructor. Consider adding the 'required' modifier or declaring the property as nullable. [C:\Users\anvar\source\repos\SpriteEditor\SpriteEditor_tavz5blv_wpftmp.csproj]
C:\Users\anvar\source\repos\SpriteEditor\Data\RigTemplate.cs(76,23): warning CS8618: Non-nullable property 'SymmetryPair' must contain a non-null value when exiting constructor. Consider adding the 'required' modifier or declaring the property as nullable. [C:\Users\anvar\source\repos\SpriteEditor\SpriteEditor_tavz5blv_wpftmp.csproj]
C:\Users\anvar\source\repos\SpriteEditor\Data\RigTemplate.cs(119,23): warning CS8618: Non-nullable property 'IKChainName' must contain a non-null value when exiting constructor. Consider adding the 'required' modifier or declaring the property as nullable. [C:\Users\anvar\source\repos\SpriteEditor\SpriteEditor_tavz5blv_wpftmp.csproj]
C:\Users\anvar\source\repos\SpriteEditor\ViewModels\JointModel.cs(51,16): warning CS8618: Non-nullable property 'IKChainName' must contain a non-null value when exiting constructor. Consider adding the 'required' modifier or declaring the property as nullable. [C:\Users\anvar\source\repos\SpriteEditor\SpriteEditor_tavz5blv_wpftmp.csproj]
C:\Users\anvar\source\repos\SpriteEditor\ViewModels\TemplateRiggingViewModel.cs(450,33): warning CS8625: Cannot convert null literal to non-nullable reference type. [C:\Users\anvar\source\repos\SpriteEditor\SpriteEditor_tavz5blv_wpftmp.csproj]
C:\Users\anvar\source\repos\SpriteEditor\ViewModels\TemplateRiggingViewModel.cs(455,40): warning CS8625: Cannot convert null literal to non-nullable reference type. [C:\Users\anvar\source\repos\SpriteEditor\SpriteEditor_tavz5blv_wpftmp.csproj]
C:\Users\anvar\source\repos\SpriteEditor\Views\StoryEditorView.xaml.cs(13,51): warning CS8603: Possible null reference return. [C:\Users\anvar\source\repos\SpriteEditor\SpriteEditor_tavz5blv_wpftmp.csproj]
C:\Users\anvar\source\repos\SpriteEditor\ViewModels\TemplateRiggingViewModel.cs(471,34): warning CS8600: Converting null literal or possible null value to non-nullable type. [C:\Users\anvar\source\repos\SpriteEditor\SpriteEditor_tavz5blv_wpftmp.csproj]
C:\Users\anvar\source\repos\SpriteEditor\ViewModels\TemplateRiggingViewModel.cs(486,20): warning CS8603: Possible null reference return. [C:\Users\anvar\source\repos\SpriteEditor\SpriteEditor_tavz5blv_wpftmp.csproj]
C:\Users\anvar\source\repos\SpriteEditor\ViewModels\TemplateRiggingViewModel.cs(521,24): warning CS8603: Possible null reference return. [C:\Users\anvar\source\repos\SpriteEditor\SpriteEditor_tavz5blv_wpftmp.csproj]
C:\Users\anvar\source\repos\SpriteEditor\Views\StoryEditorView.xaml.cs(76,65): warning CS8625: Cannot convert null literal to non-nullable reference type. [C:\Users\anvar\source\repos\SpriteEditor\SpriteEditor_tavz5blv_wpftmp.csproj]
C:\Users\anvar\source\repos\SpriteEditor\Services\Commands\CommandHistory.cs(23,16): warning CS8618: Non-nullable event 'StateChanged' must contain a non-null value when exiting constructor. Consider adding the 'required' modifier or declaring the event as nullable. [C:\Users\anvar\source\repos\SpriteEditor\SpriteEditor_tavz5blv_wpftmp.csproj]
C:\Users\anvar\source\repos\SpriteEditor\ViewModels\RiggingViewModel.cs(168,51): warning CS8625: Cannot convert null literal to non-nullable reference type. [C:\Users\anvar\source\repos\SpriteEditor\SpriteEditor_tavz5blv_wpftmp.csproj]
C:\Users\anvar\source\repos\SpriteEditor\ViewModels\RiggingViewModel.cs(176,16): warning CS8618: Non-nullable event 'RequestRedraw' must contain a non-null value when exiting constructor. Consider adding the 'required' modifier or declaring the event as nullable. [C:\Users\anvar\source\repos\SpriteEditor\SpriteEditor_tavz5blv_wpftmp.csproj]
C:\Users\anvar\source\repos\SpriteEditor\ViewModels\RiggingViewModel.cs(176,16): warning CS8618: Non-nullable event 'RequestCenterCamera' must contain a non-null value when exiting constructor. Consider adding the 'required' modifier or declaring the event as nullable. [C:\Users\anvar\source\repos\SpriteEditor\SpriteEditor_tavz5blv_wpftmp.csproj]
C:\Users\anvar\source\repos\SpriteEditor\ViewModels\RiggingViewModel.cs(176,16): warning CS8618: Non-nullable field '_loadedBitmap' must contain a non-null value when exiting constructor. Consider adding the 'required' modifier or declaring the field as nullable. [C:\Users\anvar\source\repos\SpriteEditor\SpriteEditor_tavz5blv_wpftmp.csproj]
C:\Users\anvar\source\repos\SpriteEditor\ViewModels\RiggingViewModel.cs(176,16): warning CS8618: Non-nullable field '_selectedJoint' must contain a non-null value when exiting constructor. Consider adding the 'required' modifier or declaring the field as nullable. [C:\Users\anvar\source\repos\SpriteEditor\SpriteEditor_tavz5blv_wpftmp.csproj]
C:\Users\anvar\source\repos\SpriteEditor\ViewModels\RiggingViewModel.cs(176,16): warning CS8618: Non-nullable field '_selectedVertex' must contain a non-null value when exiting constructor. Consider adding the 'required' modifier or declaring the field as nullable. [C:\Users\anvar\source\repos\SpriteEditor\SpriteEditor_tavz5blv_wpftmp.csproj]
C:\Users\anvar\source\repos\SpriteEditor\ViewModels\RiggingViewModel.cs(176,16): warning CS8618: Non-nullable field '_loadedImagePath' must contain a non-null value when exiting constructor. Consider adding the 'required' modifier or declaring the field as nullable. [C:\Users\anvar\source\repos\SpriteEditor\SpriteEditor_tavz5blv_wpftmp.csproj]
C:\Users\anvar\source\repos\SpriteEditor\ViewModels\RiggingViewModel.cs(176,16): warning CS8618: Non-nullable field '_currentAnimation' must contain a non-null value when exiting constructor. Consider adding the 'required' modifier or declaring the field as nullable. [C:\Users\anvar\source\repos\SpriteEditor\SpriteEditor_tavz5blv_wpftmp.csproj]
C:\Users\anvar\source\repos\SpriteEditor\ViewModels\RiggingViewModel.cs(176,16): warning CS8618: Non-nullable field '_animationTimer' must contain a non-null value when exiting constructor. Consider adding the 'required' modifier or declaring the field as nullable. [C:\Users\anvar\source\repos\SpriteEditor\SpriteEditor_tavz5blv_wpftmp.csproj]
C:\Users\anvar\source\repos\SpriteEditor\ViewModels\RiggingViewModel.cs(176,16): warning CS8618: Non-nullable field '_physicsTimer' must contain a non-null value when exiting constructor. Consider adding the 'required' modifier or declaring the field as nullable. [C:\Users\anvar\source\repos\SpriteEditor\SpriteEditor_tavz5blv_wpftmp.csproj]
C:\Users\anvar\source\repos\SpriteEditor\Views\BackgroundEraserView.xaml.cs(22,30): warning CS8601: Possible null reference assignment. [C:\Users\anvar\source\repos\SpriteEditor\SpriteEditor_tavz5blv_wpftmp.csproj]
C:\Users\anvar\source\repos\SpriteEditor\Views\BackgroundEraserView.xaml.cs(16,16): warning CS8618: Non-nullable field '_viewModel' must contain a non-null value when exiting constructor. Consider adding the 'required' modifier or declaring the field as nullable. [C:\Users\anvar\source\repos\SpriteEditor\SpriteEditor_tavz5blv_wpftmp.csproj]
C:\Users\anvar\source\repos\SpriteEditor\Views\StoryEditorView.xaml.cs(149,62): warning CS8604: Possible null reference argument for parameter 'current' in 'StoryNode StoryEditorView.FindAncestorData<StoryNode>(DependencyObject current)'. [C:\Users\anvar\source\repos\SpriteEditor\SpriteEditor_tavz5blv_wpftmp.csproj]
C:\Users\anvar\source\repos\SpriteEditor\Services\Commands\CommandHistory.cs(109,46): warning CS8603: Possible null reference return. [C:\Users\anvar\source\repos\SpriteEditor\SpriteEditor_tavz5blv_wpftmp.csproj]
C:\Users\anvar\source\repos\SpriteEditor\Services\Commands\CommandHistory.cs(114,46): warning CS8603: Possible null reference return. [C:\Users\anvar\source\repos\SpriteEditor\SpriteEditor_tavz5blv_wpftmp.csproj]
C:\Users\anvar\source\repos\SpriteEditor\Views\BackgroundEraserView.xaml.cs(74,32): warning CS8602: Dereference of a possibly null reference. [C:\Users\anvar\source\repos\SpriteEditor\SpriteEditor_tavz5blv_wpftmp.csproj]
C:\Users\anvar\source\repos\SpriteEditor\Services\Commands\CommandHistory.cs(129,48): warning CS8603: Possible null reference return. [C:\Users\anvar\source\repos\SpriteEditor\SpriteEditor_tavz5blv_wpftmp.csproj]
C:\Users\anvar\source\repos\SpriteEditor\Data\RigTemplate.cs(138,16): warning CS8618: Non-nullable property 'Name' must contain a non-null value when exiting constructor. Consider adding the 'required' modifier or declaring the property as nullable. [C:\Users\anvar\source\repos\SpriteEditor\SpriteEditor_tavz5blv_wpftmp.csproj]
C:\Users\anvar\source\repos\SpriteEditor\Data\Story\StoryModels.cs(163,23): warning CS8618: Non-nullable property 'StartNodeId' must contain a non-null value when exiting constructor. Consider adding the 'required' modifier or declaring the property as nullable. [C:\Users\anvar\source\repos\SpriteEditor\SpriteEditor_tavz5blv_wpftmp.csproj]
C:\Users\anvar\source\repos\SpriteEditor\ViewModels\TemplateRiggingViewModel.cs(623,34): warning CS8600: Converting null literal or possible null value to non-nullable type. [C:\Users\anvar\source\repos\SpriteEditor\SpriteEditor_tavz5blv_wpftmp.csproj]
C:\Users\anvar\source\repos\SpriteEditor\ViewModels\TemplateRiggingViewModel.cs(638,20): warning CS8603: Possible null reference return. [C:\Users\anvar\source\repos\SpriteEditor\SpriteEditor_tavz5blv_wpftmp.csproj]
C:\Users\anvar\source\repos\SpriteEditor\ViewModels\RiggingViewModel.cs(368,20): warning CS8603: Possible null reference return. [C:\Users\anvar\source\repos\SpriteEditor\SpriteEditor_tavz5blv_wpftmp.csproj]
C:\Users\anvar\source\repos\SpriteEditor\Views\BackgroundEraserView.xaml.cs(122,45): warning CS8602: Dereference of a possibly null reference. [C:\Users\anvar\source\repos\SpriteEditor\SpriteEditor_tavz5blv_wpftmp.csproj]
C:\Users\anvar\source\repos\SpriteEditor\ViewModels\SpriteSlicerViewModel.cs(93,16): warning CS8618: Non-nullable field '_loadedImageSource' must contain a non-null value when exiting constructor. Consider adding the 'required' modifier or declaring the field as nullable. [C:\Users\anvar\source\repos\SpriteEditor\SpriteEditor_tavz5blv_wpftmp.csproj]
C:\Users\anvar\source\repos\SpriteEditor\ViewModels\SpriteSlicerViewModel.cs(93,16): warning CS8618: Non-nullable field '_loadedImagePath' must contain a non-null value when exiting constructor. Consider adding the 'required' modifier or declaring the field as nullable. [C:\Users\anvar\source\repos\SpriteEditor\SpriteEditor_tavz5blv_wpftmp.csproj]
C:\Users\anvar\source\repos\SpriteEditor\ViewModels\SpriteSlicerViewModel.cs(93,16): warning CS8618: Non-nullable field '_selectedPart' must contain a non-null value when exiting constructor. Consider adding the 'required' modifier or declaring the field as nullable. [C:\Users\anvar\source\repos\SpriteEditor\SpriteEditor_tavz5blv_wpftmp.csproj]
C:\Users\anvar\source\repos\SpriteEditor\ViewModels\StoryEditorViewModel.cs(21,26): warning CS8618: Non-nullable property 'Source' must contain a non-null value when exiting constructor. Consider adding the 'required' modifier or declaring the property as nullable. [C:\Users\anvar\source\repos\SpriteEditor\SpriteEditor_tavz5blv_wpftmp.csproj]
C:\Users\anvar\source\repos\SpriteEditor\ViewModels\StoryEditorViewModel.cs(22,26): warning CS8618: Non-nullable property 'Target' must contain a non-null value when exiting constructor. Consider adding the 'required' modifier or declaring the property as nullable. [C:\Users\anvar\source\repos\SpriteEditor\SpriteEditor_tavz5blv_wpftmp.csproj]
C:\Users\anvar\source\repos\SpriteEditor\Views\StoryEditorView.xaml.cs(178,17): warning CS8602: Dereference of a possibly null reference. [C:\Users\anvar\source\repos\SpriteEditor\SpriteEditor_tavz5blv_wpftmp.csproj]
C:\Users\anvar\source\repos\SpriteEditor\Views\StoryEditorView.xaml.cs(191,27): warning CS8602: Dereference of a possibly null reference. [C:\Users\anvar\source\repos\SpriteEditor\SpriteEditor_tavz5blv_wpftmp.csproj]
C:\Users\anvar\source\repos\SpriteEditor\Views\StoryEditorView.xaml.cs(206,20): warning CS8603: Possible null reference return. [C:\Users\anvar\source\repos\SpriteEditor\SpriteEditor_tavz5blv_wpftmp.csproj]
C:\Users\anvar\source\repos\SpriteEditor\Data\Story\StoryModels.cs(124,45): warning CS8618: Non-nullable field '_backgroundImagePath' must contain a non-null value when exiting constructor. Consider adding the 'required' modifier or declaring the field as nullable. [C:\Users\anvar\source\repos\SpriteEditor\SpriteEditor_tavz5blv_wpftmp.csproj]
C:\Users\anvar\source\repos\SpriteEditor\Data\Story\StoryModels.cs(125,45): warning CS8618: Non-nullable field '_characterImagePath' must contain a non-null value when exiting constructor. Consider adding the 'required' modifier or declaring the field as nullable. [C:\Users\anvar\source\repos\SpriteEditor\SpriteEditor_tavz5blv_wpftmp.csproj]
C:\Users\anvar\source\repos\SpriteEditor\Data\Story\StoryModels.cs(126,45): warning CS8618: Non-nullable field '_audioPath' must contain a non-null value when exiting constructor. Consider adding the 'required' modifier or declaring the field as nullable. [C:\Users\anvar\source\repos\SpriteEditor\SpriteEditor_tavz5blv_wpftmp.csproj]
C:\Users\anvar\source\repos\SpriteEditor\Services\Rigging\TemplateService.cs(191,41): warning CS8600: Converting null literal or possible null value to non-nullable type. [C:\Users\anvar\source\repos\SpriteEditor\SpriteEditor_tavz5blv_wpftmp.csproj]
C:\Users\anvar\source\repos\SpriteEditor\ViewModels\SpriteSlicerViewModel.cs(201,93): warning CS8625: Cannot convert null literal to non-nullable reference type. [C:\Users\anvar\source\repos\SpriteEditor\SpriteEditor_tavz5blv_wpftmp.csproj]
C:\Users\anvar\source\repos\SpriteEditor\Data\Story\StoryModels.cs(105,45): warning CS8618: Non-nullable field '_targetNodeId' must contain a non-null value when exiting constructor. Consider adding the 'required' modifier or declaring the field as nullable. [C:\Users\anvar\source\repos\SpriteEditor\SpriteEditor_tavz5blv_wpftmp.csproj]
C:\Users\anvar\source\repos\SpriteEditor\Data\Story\StoryModels.cs(108,45): warning CS8618: Non-nullable field '_conditionVariableName' must contain a non-null value when exiting constructor. Consider adding the 'required' modifier or declaring the field as nullable. [C:\Users\anvar\source\repos\SpriteEditor\SpriteEditor_tavz5blv_wpftmp.csproj]
C:\Users\anvar\source\repos\SpriteEditor\Data\Story\StoryModels.cs(110,45): warning CS8618: Non-nullable field '_conditionValue' must contain a non-null value when exiting constructor. Consider adding the 'required' modifier or declaring the field as nullable. [C:\Users\anvar\source\repos\SpriteEditor\SpriteEditor_tavz5blv_wpftmp.csproj]
C:\Users\anvar\source\repos\SpriteEditor\ViewModels\SpriteSlicerViewModel.cs(212,30): warning CS8600: Converting null literal or possible null value to non-nullable type. [C:\Users\anvar\source\repos\SpriteEditor\SpriteEditor_tavz5blv_wpftmp.csproj]
C:\Users\anvar\source\repos\SpriteEditor\ViewModels\SpriteSlicerViewModel.cs(218,77): warning CS8604: Possible null reference argument for parameter 'outputDirectory' in 'void ImageService.SliceByRects(string imagePath, List<Int32Rect> rects, string outputDirectory)'. [C:\Users\anvar\source\repos\SpriteEditor\SpriteEditor_tavz5blv_wpftmp.csproj]
C:\Users\anvar\source\repos\SpriteEditor\ViewModels\SpriteSlicerViewModel.cs(223,77): warning CS8604: Possible null reference argument for parameter 'outputDirectory' in 'void ImageService.SliceByRects(string imagePath, List<Int32Rect> rects, string outputDirectory)'. [C:\Users\anvar\source\repos\SpriteEditor\SpriteEditor_tavz5blv_wpftmp.csproj]
C:\Users\anvar\source\repos\SpriteEditor\ViewModels\SpriteSlicerViewModel.cs(226,29): warning CS8604: Possible null reference argument for parameter 'path' in 'void SpriteSlicerViewModel.NotifyShell(string path)'. [C:\Users\anvar\source\repos\SpriteEditor\SpriteEditor_tavz5blv_wpftmp.csproj]
C:\Users\anvar\source\repos\SpriteEditor\ViewModels\SpriteSlicerViewModel.cs(238,30): warning CS8600: Converting null literal or possible null value to non-nullable type. [C:\Users\anvar\source\repos\SpriteEditor\SpriteEditor_tavz5blv_wpftmp.csproj]
C:\Users\anvar\source\repos\SpriteEditor\ViewModels\SpriteSlicerViewModel.cs(239,100): warning CS8604: Possible null reference argument for parameter 'outputDir' in 'void ImageService.SlicePolygons(string sourcePath, IEnumerable<SlicePart> parts, string outputDir)'. [C:\Users\anvar\source\repos\SpriteEditor\SpriteEditor_tavz5blv_wpftmp.csproj]
C:\Users\anvar\source\repos\SpriteEditor\ViewModels\SpriteSlicerViewModel.cs(240,29): warning CS8604: Possible null reference argument for parameter 'path' in 'void SpriteSlicerViewModel.NotifyShell(string path)'. [C:\Users\anvar\source\repos\SpriteEditor\SpriteEditor_tavz5blv_wpftmp.csproj]
C:\Users\anvar\source\repos\SpriteEditor\Data\Story\StoryModels.cs(63,45): warning CS8618: Non-nullable field '_targetVariableName' must contain a non-null value when exiting constructor. Consider adding the 'required' modifier or declaring the field as nullable. [C:\Users\anvar\source\repos\SpriteEditor\SpriteEditor_tavz5blv_wpftmp.csproj]
C:\Users\anvar\source\repos\SpriteEditor\Data\Story\StoryModels.cs(70,45): warning CS8618: Non-nullable field '_value' must contain a non-null value when exiting constructor. Consider adding the 'required' modifier or declaring the field as nullable. [C:\Users\anvar\source\repos\SpriteEditor\SpriteEditor_tavz5blv_wpftmp.csproj]
C:\Users\anvar\source\repos\SpriteEditor\ViewModels\StoryEditorViewModel.cs(78,16): warning CS8618: Non-nullable field '_selectedNode' must contain a non-null value when exiting constructor. Consider adding the 'required' modifier or declaring the field as nullable. [C:\Users\anvar\source\repos\SpriteEditor\SpriteEditor_tavz5blv_wpftmp.csproj]
C:\Users\anvar\source\repos\SpriteEditor\ViewModels\StoryEditorViewModel.cs(78,16): warning CS8618: Non-nullable field '_dragSourceNode' must contain a non-null value when exiting constructor. Consider adding the 'required' modifier or declaring the field as nullable. [C:\Users\anvar\source\repos\SpriteEditor\SpriteEditor_tavz5blv_wpftmp.csproj]
C:\Users\anvar\source\repos\SpriteEditor\ViewModels\StoryEditorViewModel.cs(78,16): warning CS8618: Non-nullable field '_selectedCharacter' must contain a non-null value when exiting constructor. Consider adding the 'required' modifier or declaring the field as nullable. [C:\Users\anvar\source\repos\SpriteEditor\SpriteEditor_tavz5blv_wpftmp.csproj]
C:\Users\anvar\source\repos\SpriteEditor\ViewModels\StoryEditorViewModel.cs(78,16): warning CS8618: Non-nullable field '_selectedPortrait' must contain a non-null value when exiting constructor. Consider adding the 'required' modifier or declaring the field as nullable. [C:\Users\anvar\source\repos\SpriteEditor\SpriteEditor_tavz5blv_wpftmp.csproj]
C:\Users\anvar\source\repos\SpriteEditor\Services\Rigging\AutoWeightService.cs(51,44): warning CS8600: Converting null literal or possible null value to non-nullable type. [C:\Users\anvar\source\repos\SpriteEditor\SpriteEditor_tavz5blv_wpftmp.csproj]
C:\Users\anvar\source\repos\SpriteEditor\Data\Story\StoryModels.cs(47,45): warning CS8618: Non-nullable field '_audioPath' must contain a non-null value when exiting constructor. Consider adding the 'required' modifier or declaring the field as nullable. [C:\Users\anvar\source\repos\SpriteEditor\SpriteEditor_tavz5blv_wpftmp.csproj]
C:\Users\anvar\source\repos\SpriteEditor\ViewModels\StoryEditorViewModel.cs(120,28): warning CS8625: Cannot convert null literal to non-nullable reference type. [C:\Users\anvar\source\repos\SpriteEditor\SpriteEditor_tavz5blv_wpftmp.csproj]
C:\Users\anvar\source\repos\SpriteEditor\Data\Story\StoryModels.cs(33,45): warning CS8618: Non-nullable field '_targetVariableName' must contain a non-null value when exiting constructor. Consider adding the 'required' modifier or declaring the field as nullable. [C:\Users\anvar\source\repos\SpriteEditor\SpriteEditor_tavz5blv_wpftmp.csproj]
C:\Users\anvar\source\repos\SpriteEditor\Data\Story\StoryModels.cs(35,45): warning CS8618: Non-nullable field '_value' must contain a non-null value when exiting constructor. Consider adding the 'required' modifier or declaring the field as nullable. [C:\Users\anvar\source\repos\SpriteEditor\SpriteEditor_tavz5blv_wpftmp.csproj]
C:\Users\anvar\source\repos\SpriteEditor\Views\RiggingView.xaml.cs(93,16): warning CS8618: Non-nullable field '_viewModel' must contain a non-null value when exiting constructor. Consider adding the 'required' modifier or declaring the field as nullable. [C:\Users\anvar\source\repos\SpriteEditor\SpriteEditor_tavz5blv_wpftmp.csproj]
C:\Users\anvar\source\repos\SpriteEditor\Data\SlicePart.cs(15,23): warning CS8618: Non-nullable property 'Name' must contain a non-null value when exiting constructor. Consider adding the 'required' modifier or declaring the property as nullable. [C:\Users\anvar\source\repos\SpriteEditor\SpriteEditor_tavz5blv_wpftmp.csproj]
C:\Users\anvar\source\repos\SpriteEditor\Views\RiggingView.xaml.cs(131,45): warning CS8622: Nullability of reference types in type of parameter 'sender' of 'void RiggingView.ViewModel_RequestRedraw(object sender, EventArgs e)' doesn't match the target delegate 'EventHandler' (possibly because of nullability attributes). [C:\Users\anvar\source\repos\SpriteEditor\SpriteEditor_tavz5blv_wpftmp.csproj]
C:\Users\anvar\source\repos\SpriteEditor\Views\RiggingView.xaml.cs(132,51): warning CS8622: Nullability of reference types in type of parameter 'sender' of 'void RiggingView.ViewModel_RequestCenterCamera(object sender, EventArgs e)' doesn't match the target delegate 'EventHandler' (possibly because of nullability attributes). [C:\Users\anvar\source\repos\SpriteEditor\SpriteEditor_tavz5blv_wpftmp.csproj]
C:\Users\anvar\source\repos\SpriteEditor\Views\RiggingView.xaml.cs(135,26): warning CS8601: Possible null reference assignment. [C:\Users\anvar\source\repos\SpriteEditor\SpriteEditor_tavz5blv_wpftmp.csproj]
C:\Users\anvar\source\repos\SpriteEditor\Views\RiggingView.xaml.cs(140,45): warning CS8622: Nullability of reference types in type of parameter 'sender' of 'void RiggingView.ViewModel_RequestRedraw(object sender, EventArgs e)' doesn't match the target delegate 'EventHandler' (possibly because of nullability attributes). [C:\Users\anvar\source\repos\SpriteEditor\SpriteEditor_tavz5blv_wpftmp.csproj]
C:\Users\anvar\source\repos\SpriteEditor\Views\RiggingView.xaml.cs(141,51): warning CS8622: Nullability of reference types in type of parameter 'sender' of 'void RiggingView.ViewModel_RequestCenterCamera(object sender, EventArgs e)' doesn't match the target delegate 'EventHandler' (possibly because of nullability attributes). [C:\Users\anvar\source\repos\SpriteEditor\SpriteEditor_tavz5blv_wpftmp.csproj]
C:\Users\anvar\source\repos\SpriteEditor\ViewModels\RiggingViewModel.cs(522,36): warning CS8625: Cannot convert null literal to non-nullable reference type. [C:\Users\anvar\source\repos\SpriteEditor\SpriteEditor_tavz5blv_wpftmp.csproj]
C:\Users\anvar\source\repos\SpriteEditor\ViewModels\RiggingViewModel.cs(523,40): warning CS8625: Cannot convert null literal to non-nullable reference type. [C:\Users\anvar\source\repos\SpriteEditor\SpriteEditor_tavz5blv_wpftmp.csproj]
C:\Users\anvar\source\repos\SpriteEditor\ViewModels\SvgToolViewModel.cs(80,85): warning CS8603: Possible null reference return. [C:\Users\anvar\source\repos\SpriteEditor\SpriteEditor_tavz5blv_wpftmp.csproj]
C:\Users\anvar\source\repos\SpriteEditor\ViewModels\SvgToolViewModel.cs(81,76): warning CS8603: Possible null reference return. [C:\Users\anvar\source\repos\SpriteEditor\SpriteEditor_tavz5blv_wpftmp.csproj]
C:\Users\anvar\source\repos\SpriteEditor\ViewModels\StoryPlayerViewModel.cs(41,16): warning CS8618: Non-nullable field '_currentStory' must contain a non-null value when exiting constructor. Consider adding the 'required' modifier or declaring the field as nullable. [C:\Users\anvar\source\repos\SpriteEditor\SpriteEditor_tavz5blv_wpftmp.csproj]
C:\Users\anvar\source\repos\SpriteEditor\ViewModels\StoryPlayerViewModel.cs(41,16): warning CS8618: Non-nullable field '_currentAudioPath' must contain a non-null value when exiting constructor. Consider adding the 'required' modifier or declaring the field as nullable. [C:\Users\anvar\source\repos\SpriteEditor\SpriteEditor_tavz5blv_wpftmp.csproj]
C:\Users\anvar\source\repos\SpriteEditor\ViewModels\StoryPlayerViewModel.cs(41,16): warning CS8618: Non-nullable field '_displayText' must contain a non-null value when exiting constructor. Consider adding the 'required' modifier or declaring the field as nullable. [C:\Users\anvar\source\repos\SpriteEditor\SpriteEditor_tavz5blv_wpftmp.csproj]
C:\Users\anvar\source\repos\SpriteEditor\ViewModels\StoryPlayerViewModel.cs(41,16): warning CS8618: Non-nullable field '_speakerName' must contain a non-null value when exiting constructor. Consider adding the 'required' modifier or declaring the field as nullable. [C:\Users\anvar\source\repos\SpriteEditor\SpriteEditor_tavz5blv_wpftmp.csproj]
C:\Users\anvar\source\repos\SpriteEditor\ViewModels\StoryPlayerViewModel.cs(41,16): warning CS8618: Non-nullable field '_backgroundImage' must contain a non-null value when exiting constructor. Consider adding the 'required' modifier or declaring the field as nullable. [C:\Users\anvar\source\repos\SpriteEditor\SpriteEditor_tavz5blv_wpftmp.csproj]
C:\Users\anvar\source\repos\SpriteEditor\ViewModels\StoryPlayerViewModel.cs(41,16): warning CS8618: Non-nullable field '_characterImage' must contain a non-null value when exiting constructor. Consider adding the 'required' modifier or declaring the field as nullable. [C:\Users\anvar\source\repos\SpriteEditor\SpriteEditor_tavz5blv_wpftmp.csproj]
C:\Users\anvar\source\repos\SpriteEditor\ViewModels\StoryPlayerViewModel.cs(41,16): warning CS8618: Non-nullable field '_portraitLeft' must contain a non-null value when exiting constructor. Consider adding the 'required' modifier or declaring the field as nullable. [C:\Users\anvar\source\repos\SpriteEditor\SpriteEditor_tavz5blv_wpftmp.csproj]
C:\Users\anvar\source\repos\SpriteEditor\ViewModels\StoryPlayerViewModel.cs(41,16): warning CS8618: Non-nullable field '_portraitCenter' must contain a non-null value when exiting constructor. Consider adding the 'required' modifier or declaring the field as nullable. [C:\Users\anvar\source\repos\SpriteEditor\SpriteEditor_tavz5blv_wpftmp.csproj]
C:\Users\anvar\source\repos\SpriteEditor\ViewModels\StoryPlayerViewModel.cs(41,16): warning CS8618: Non-nullable field '_portraitRight' must contain a non-null value when exiting constructor. Consider adding the 'required' modifier or declaring the field as nullable. [C:\Users\anvar\source\repos\SpriteEditor\SpriteEditor_tavz5blv_wpftmp.csproj]
C:\Users\anvar\source\repos\SpriteEditor\ViewModels\StoryPlayerViewModel.cs(41,16): warning CS8618: Non-nullable field '_targetText' must contain a non-null value when exiting constructor. Consider adding the 'required' modifier or declaring the field as nullable. [C:\Users\anvar\source\repos\SpriteEditor\SpriteEditor_tavz5blv_wpftmp.csproj]
C:\Users\anvar\source\repos\SpriteEditor\Views\CustomMessageBox.xaml.cs(74,24): warning CS8603: Possible null reference return. [C:\Users\anvar\source\repos\SpriteEditor\SpriteEditor_tavz5blv_wpftmp.csproj]
C:\Users\anvar\source\repos\SpriteEditor\ViewModels\SvgToolViewModel.cs(116,38): warning CS8602: Dereference of a possibly null reference. [C:\Users\anvar\source\repos\SpriteEditor\SpriteEditor_tavz5blv_wpftmp.csproj]
C:\Users\anvar\source\repos\SpriteEditor\Services\Rigging\AutoWeightService.cs(249,20): warning CS8603: Possible null reference return. [C:\Users\anvar\source\repos\SpriteEditor\SpriteEditor_tavz5blv_wpftmp.csproj]
C:\Users\anvar\source\repos\SpriteEditor\ViewModels\StoryPlayerViewModel.cs(79,96): warning CS0642: Possible mistaken empty statement [C:\Users\anvar\source\repos\SpriteEditor\SpriteEditor_tavz5blv_wpftmp.csproj]
C:\Users\anvar\source\repos\SpriteEditor\ViewModels\StoryPlayerViewModel.cs(80,95): warning CS0642: Possible mistaken empty statement [C:\Users\anvar\source\repos\SpriteEditor\SpriteEditor_tavz5blv_wpftmp.csproj]
C:\Users\anvar\source\repos\SpriteEditor\ViewModels\StoryEditorViewModel.cs(254,73): warning CS8625: Cannot convert null literal to non-nullable reference type. [C:\Users\anvar\source\repos\SpriteEditor\SpriteEditor_tavz5blv_wpftmp.csproj]
C:\Users\anvar\source\repos\SpriteEditor\ViewModels\RiggingViewModel.cs(577,93): warning CS8625: Cannot convert null literal to non-nullable reference type. [C:\Users\anvar\source\repos\SpriteEditor\SpriteEditor_tavz5blv_wpftmp.csproj]
C:\Users\anvar\source\repos\SpriteEditor\ViewModels\RiggingViewModel.cs(594,76): warning CS8600: Converting null literal or possible null value to non-nullable type. [C:\Users\anvar\source\repos\SpriteEditor\SpriteEditor_tavz5blv_wpftmp.csproj]
C:\Users\anvar\source\repos\SpriteEditor\ViewModels\RiggingViewModel.cs(595,82): warning CS8600: Converting null literal or possible null value to non-nullable type. [C:\Users\anvar\source\repos\SpriteEditor\SpriteEditor_tavz5blv_wpftmp.csproj]
C:\Users\anvar\source\repos\SpriteEditor\ViewModels\StoryEditorViewModel.cs(309,31): warning CS8625: Cannot convert null literal to non-nullable reference type. [C:\Users\anvar\source\repos\SpriteEditor\SpriteEditor_tavz5blv_wpftmp.csproj]
C:\Users\anvar\source\repos\SpriteEditor\ViewModels\StoryEditorViewModel.cs(315,31): warning CS8625: Cannot convert null literal to non-nullable reference type. [C:\Users\anvar\source\repos\SpriteEditor\SpriteEditor_tavz5blv_wpftmp.csproj]
C:\Users\anvar\source\repos\SpriteEditor\Views\RiggingView.xaml.cs(199,54): warning CS0618: 'SKPaint.FilterQuality' is obsolete: 'Use SKSamplingOptions instead.' [C:\Users\anvar\source\repos\SpriteEditor\SpriteEditor_tavz5blv_wpftmp.csproj]
C:\Users\anvar\source\repos\SpriteEditor\Views\RiggingView.xaml.cs(199,70): warning CS0618: 'SKFilterQuality' is obsolete: 'Use SKSamplingOptions instead.' [C:\Users\anvar\source\repos\SpriteEditor\SpriteEditor_tavz5blv_wpftmp.csproj]
C:\Users\anvar\source\repos\SpriteEditor\ViewModels\StoryEditorViewModel.cs(334,31): warning CS8601: Possible null reference assignment. [C:\Users\anvar\source\repos\SpriteEditor\SpriteEditor_tavz5blv_wpftmp.csproj]
C:\Users\anvar\source\repos\SpriteEditor\Services\Rigging\AutoWeightService.cs(29,34): warning CS8618: Non-nullable field '_currentTemplate' must contain a non-null value when exiting constructor. Consider adding the 'required' modifier or declaring the field as nullable. [C:\Users\anvar\source\repos\SpriteEditor\SpriteEditor_tavz5blv_wpftmp.csproj]
C:\Users\anvar\source\repos\SpriteEditor\Services\Rigging\PhysicsService.cs(28,16): warning CS8618: Non-nullable field '_draggedJoint' must contain a non-null value when exiting constructor. Consider adding the 'required' modifier or declaring the field as nullable. [C:\Users\anvar\source\repos\SpriteEditor\SpriteEditor_tavz5blv_wpftmp.csproj]
C:\Users\anvar\source\repos\SpriteEditor\ViewModels\StoryEditorViewModel.cs(356,31): warning CS8601: Possible null reference assignment. [C:\Users\anvar\source\repos\SpriteEditor\SpriteEditor_tavz5blv_wpftmp.csproj]
C:\Users\anvar\source\repos\SpriteEditor\Services\Rigging\PhysicsService.cs(175,29): warning CS8625: Cannot convert null literal to non-nullable reference type. [C:\Users\anvar\source\repos\SpriteEditor\SpriteEditor_tavz5blv_wpftmp.csproj]
C:\Users\anvar\source\repos\SpriteEditor\ViewModels\SvgToolViewModel.cs(235,30): warning CS8600: Converting null literal or possible null value to non-nullable type. [C:\Users\anvar\source\repos\SpriteEditor\SpriteEditor_tavz5blv_wpftmp.csproj]
C:\Users\anvar\source\repos\SpriteEditor\ViewModels\SvgToolViewModel.cs(244,52): warning CS8604: Possible null reference argument for parameter 'path1' in 'string Path.Combine(string path1, string path2)'. [C:\Users\anvar\source\repos\SpriteEditor\SpriteEditor_tavz5blv_wpftmp.csproj]
C:\Users\anvar\source\repos\SpriteEditor\ViewModels\RiggingViewModel.cs(848,46): warning CS8625: Cannot convert null literal to non-nullable reference type. [C:\Users\anvar\source\repos\SpriteEditor\SpriteEditor_tavz5blv_wpftmp.csproj]
C:\Users\anvar\source\repos\SpriteEditor\Services\Rigging\PhysicsService.cs(297,31): warning CS8618: Non-nullable property 'JointA' must contain a non-null value when exiting constructor. Consider adding the 'required' modifier or declaring the property as nullable. [C:\Users\anvar\source\repos\SpriteEditor\SpriteEditor_tavz5blv_wpftmp.csproj]
C:\Users\anvar\source\repos\SpriteEditor\Services\Rigging\PhysicsService.cs(298,31): warning CS8618: Non-nullable property 'JointB' must contain a non-null value when exiting constructor. Consider adding the 'required' modifier or declaring the property as nullable. [C:\Users\anvar\source\repos\SpriteEditor\SpriteEditor_tavz5blv_wpftmp.csproj]
C:\Users\anvar\source\repos\SpriteEditor\ViewModels\RiggingViewModel.cs(944,39): warning CS8600: Converting null literal or possible null value to non-nullable type. [C:\Users\anvar\source\repos\SpriteEditor\SpriteEditor_tavz5blv_wpftmp.csproj]
C:\Users\anvar\source\repos\SpriteEditor\ViewModels\RiggingViewModel.cs(957,20): warning CS8603: Possible null reference return. [C:\Users\anvar\source\repos\SpriteEditor\SpriteEditor_tavz5blv_wpftmp.csproj]
C:\Users\anvar\source\repos\SpriteEditor\ViewModels\RiggingViewModel.cs(961,41): warning CS8600: Converting null literal or possible null value to non-nullable type. [C:\Users\anvar\source\repos\SpriteEditor\SpriteEditor_tavz5blv_wpftmp.csproj]
C:\Users\anvar\source\repos\SpriteEditor\ViewModels\RiggingViewModel.cs(974,20): warning CS8603: Possible null reference return. [C:\Users\anvar\source\repos\SpriteEditor\SpriteEditor_tavz5blv_wpftmp.csproj]
C:\Users\anvar\source\repos\SpriteEditor\ViewModels\SvgToolViewModel.cs(91,93): warning CS8625: Cannot convert null literal to non-nullable reference type. [C:\Users\anvar\source\repos\SpriteEditor\SpriteEditor_tavz5blv_wpftmp.csproj]
C:\Users\anvar\source\repos\SpriteEditor\ViewModels\SvgToolViewModel.cs(104,34): warning CS8625: Cannot convert null literal to non-nullable reference type. [C:\Users\anvar\source\repos\SpriteEditor\SpriteEditor_tavz5blv_wpftmp.csproj]
C:\Users\anvar\source\repos\SpriteEditor\ViewModels\SvgToolViewModel.cs(26,50): warning CS8618: Non-nullable field '_fullSvgPreview' must contain a non-null value when exiting constructor. Consider adding the 'required' modifier or declaring the field as nullable. [C:\Users\anvar\source\repos\SpriteEditor\SpriteEditor_tavz5blv_wpftmp.csproj]
C:\Users\anvar\source\repos\SpriteEditor\ViewModels\SvgToolViewModel.cs(49,96): warning CS8618: Non-nullable field '_rawPathData' must contain a non-null value when exiting constructor. Consider adding the 'required' modifier or declaring the field as nullable. [C:\Users\anvar\source\repos\SpriteEditor\SpriteEditor_tavz5blv_wpftmp.csproj]
C:\Users\anvar\source\repos\SpriteEditor\ViewModels\SvgToolViewModel.cs(63,45): warning CS8618: Non-nullable field '_xamlOutput' must contain a non-null value when exiting constructor. Consider adding the 'required' modifier or declaring the field as nullable. [C:\Users\anvar\source\repos\SpriteEditor\SpriteEditor_tavz5blv_wpftmp.csproj]
C:\Users\anvar\source\repos\SpriteEditor\ViewModels\SvgToolViewModel.cs(64,45): warning CS8618: Non-nullable field '_htmlOutput' must contain a non-null value when exiting constructor. Consider adding the 'required' modifier or declaring the field as nullable. [C:\Users\anvar\source\repos\SpriteEditor\SpriteEditor_tavz5blv_wpftmp.csproj]
C:\Users\anvar\source\repos\SpriteEditor\ViewModels\RiggingViewModel.cs(1120,33): warning CS8625: Cannot convert null literal to non-nullable reference type. [C:\Users\anvar\source\repos\SpriteEditor\SpriteEditor_tavz5blv_wpftmp.csproj]
C:\Users\anvar\source\repos\SpriteEditor\ViewModels\RiggingViewModel.cs(1128,34): warning CS8625: Cannot convert null literal to non-nullable reference type. [C:\Users\anvar\source\repos\SpriteEditor\SpriteEditor_tavz5blv_wpftmp.csproj]
C:\Users\anvar\source\repos\SpriteEditor\ViewModels\RiggingViewModel.cs(1141,29): warning CS8625: Cannot convert null literal to non-nullable reference type. [C:\Users\anvar\source\repos\SpriteEditor\SpriteEditor_tavz5blv_wpftmp.csproj]
C:\Users\anvar\source\repos\SpriteEditor\ViewModels\RiggingViewModel.cs(1148,36): warning CS8625: Cannot convert null literal to non-nullable reference type. [C:\Users\anvar\source\repos\SpriteEditor\SpriteEditor_tavz5blv_wpftmp.csproj]
C:\Users\anvar\source\repos\SpriteEditor\ViewModels\RiggingViewModel.cs(1168,30): warning CS8625: Cannot convert null literal to non-nullable reference type. [C:\Users\anvar\source\repos\SpriteEditor\SpriteEditor_tavz5blv_wpftmp.csproj]
C:\Users\anvar\source\repos\SpriteEditor\ViewModels\RiggingViewModel.cs(1192,29): warning CS8625: Cannot convert null literal to non-nullable reference type. [C:\Users\anvar\source\repos\SpriteEditor\SpriteEditor_tavz5blv_wpftmp.csproj]
C:\Users\anvar\source\repos\SpriteEditor\ViewModels\RiggingViewModel.cs(1196,30): warning CS8625: Cannot convert null literal to non-nullable reference type. [C:\Users\anvar\source\repos\SpriteEditor\SpriteEditor_tavz5blv_wpftmp.csproj]
C:\Users\anvar\source\repos\SpriteEditor\ViewModels\RiggingViewModel.cs(2013,38): warning CS8602: Dereference of a possibly null reference. [C:\Users\anvar\source\repos\SpriteEditor\SpriteEditor_tavz5blv_wpftmp.csproj]
C:\Users\anvar\source\repos\SpriteEditor\ViewModels\RiggingViewModel.cs(2073,39): warning CS8622: Nullability of reference types in type of parameter 'sender' of 'void RiggingViewModel.PhysicsTimer_Tick(object sender, EventArgs e)' doesn't match the target delegate 'EventHandler' (possibly because of nullability attributes). [C:\Users\anvar\source\repos\SpriteEditor\SpriteEditor_tavz5blv_wpftmp.csproj]
C:\Users\anvar\source\repos\SpriteEditor\ViewModels\RiggingViewModel.cs(2084,36): warning CS8625: Cannot convert null literal to non-nullable reference type. [C:\Users\anvar\source\repos\SpriteEditor\SpriteEditor_tavz5blv_wpftmp.csproj]
C:\Users\anvar\source\repos\SpriteEditor\ViewModels\RiggingViewModel.cs(1235,29): warning CS8625: Cannot convert null literal to non-nullable reference type. [C:\Users\anvar\source\repos\SpriteEditor\SpriteEditor_tavz5blv_wpftmp.csproj]
C:\Users\anvar\source\repos\SpriteEditor\ViewModels\RiggingViewModel.cs(1236,30): warning CS8625: Cannot convert null literal to non-nullable reference type. [C:\Users\anvar\source\repos\SpriteEditor\SpriteEditor_tavz5blv_wpftmp.csproj]
C:\Users\anvar\source\repos\SpriteEditor\ViewModels\RiggingViewModel.cs(168,28): warning CS0414: The field 'RiggingViewModel._physicsDraggedJoint' is assigned but its value is never used [C:\Users\anvar\source\repos\SpriteEditor\SpriteEditor_tavz5blv_wpftmp.csproj]
C:\Users\anvar\source\repos\SpriteEditor\Services\Rigging\TemplateBindingService.cs(279,61): error CS1061: 'KeyValuePair<string, float>' does not contain a definition for 'JointName' and no accessible extension method 'JointName' accepting a first argument of type 'KeyValuePair<string, float>' could be found (are you missing a using directive or an assembly reference?) [C:\Users\anvar\source\repos\SpriteEditor\SpriteEditor_tavz5blv_wpftmp.csproj]
C:\Users\anvar\source\repos\SpriteEditor\Services\Rigging\TemplateBindingService.cs(281,67): error CS1061: 'KeyValuePair<string, float>' does not contain a definition for 'Weight' and no accessible extension method 'Weight' accepting a first argument of type 'KeyValuePair<string, float>' could be found (are you missing a using directive or an assembly reference?) [C:\Users\anvar\source\repos\SpriteEditor\SpriteEditor_tavz5blv_wpftmp.csproj]
    235 Warning(s)
    2 Error(s)

Time Elapsed 00:00:01.52

Workload updates are available. Run `dotnet workload list` for more information.
